--------- beginning of main
04-03 09:06:06.168  2135  3642 W PackageManager: Missing required system package: com.epicgames.live_link_vcam, but found with extended search.
--------- beginning of system
04-03 09:06:06.245  2135  3642 I ActivityManager: Killing 8194:com.swishme.moto/u0a342 (adj 935, setSvc -10000): empty #13
04-03 09:06:06.248   843   843 I hwservicemanager: getTransport: Cannot find entry vendor.qti.hardware.iop@2.0::IIop/default in either framework or device VINTF manifest.
04-03 09:06:06.300  2135  3642 W PackageManager: Missing required system package: com.linkedin.android, but found with extended search.
04-03 09:06:06.321  2135  4111 I ActivityManager: appDiedLocked: app=ProcessRecord{8f291b2 8194:com.swishme.moto/u0a342} thread=android.os.BinderProxy@60a94c5 fromBinderDied=true isKilledByAm=true reason=null
04-03 09:06:06.322  2135  3189 D ConnectivityService: releasing NetworkRequest [ REQUEST id=2093, [ Capabilities: INTERNET&NOT_RESTRICTED&TRUSTED&NOT_VCN_MANAGED&NOT_BANDWIDTH_CONSTRAINED Uid: 10342 RequestorUid: 10342 RequestorPkg: com.swishme.moto UnderlyingNetworks: Null] ] (release request)
04-03 09:06:06.322  1509  1509 I Zygote  : Process 8194 exited due to signal 9 (Killed)
04-03 09:06:06.322  2135  3189 D ConnectivityService: releasing NetworkRequest [ REQUEST id=2090, [ Capabilities: INTERNET&NOT_RESTRICTED&TRUSTED&NOT_VCN_MANAGED&NOT_BANDWIDTH_CONSTRAINED Uid: 10342 RequestorUid: 10342 RequestorPkg: com.swishme.moto UnderlyingNetworks: Null] ] (release request)
04-03 09:06:06.324  2135  3189 D ConnectivityService: releasing NetworkRequest [ REQUEST id=2097, [ Capabilities: INTERNET&NOT_RESTRICTED&TRUSTED&NOT_VCN_MANAGED&NOT_BANDWIDTH_CONSTRAINED Uid: 10342 RequestorUid: 10342 RequestorPkg: com.swishme.moto UnderlyingNetworks: Null] ] (release request)
04-03 09:06:06.325  2135  2507 I libprocessgroup: Removed cgroup /sys/fs/cgroup/uid_10342/pid_8194
04-03 09:06:06.325  2135  2507 W libprocessgroup: RemoveCgroup: /dev/memcg/apps/uid_10342/pid_8194 does not exist.
04-03 09:06:06.333  2135  4111 D RestartModeController: markWaitRestartAppIsSuicided null processName=com.swishme.moto
04-03 09:06:06.335  2135  4111 D ActivityTaskManager: handleAppDied: uid=10342,diedCount=1,lastDiedTime=2793021,forceStopUids=false
04-03 09:06:06.335  2135  2344 D DisplayManagerService: Drop pending events for gone uid 10342
04-03 09:06:06.398  2135  2990 D ActivityManager: freezing 9699 com.android.vending:background, reason = oom_cached
04-03 09:06:06.401  2135  3189 D InetDiagMessage: Destroyed 1 sockets, proto=IPPROTO_TCP, family=AF_INET, states=14
04-03 09:06:06.403  2135  3189 D InetDiagMessage: Destroyed 2 sockets, proto=IPPROTO_TCP, family=AF_INET6, states=14
04-03 09:06:06.403  2135  3189 D InetDiagMessage: Destroyed live tcp sockets for uids={1010215} in 3ms
04-03 09:06:06.459  2135  4111 W PackageManager: Missing required system package: com.secretengine.game, but found with extended search.
04-03 09:06:06.473  2135  4111 W ActivityTaskManager: callingPackage for (uid=2000, pid=10147) has no WPC
04-03 09:06:06.480  2135  4111 D ActivityTaskManager: getPreferredLaunchDisplay userset_displayid true user set display id 0, current focus display 0
04-03 09:06:06.491  2135  4111 I SettingsAccessControlPolicy: isDeviceSettingsChangeDisabled: value -> false
04-03 09:06:06.513  2135  4111 W OptProp : Cannot read opt property android.window.PROPERTY_COMPAT_ALLOW_ORIENTATION_OVERRIDE
04-03 09:06:06.520  2135  4111 V GrammaticalInflectionUtils: AttributionSource: android.content.AttributionSource@130bc8c8 does not have READ_SYSTEM_GRAMMATICAL_GENDER permission.
04-03 09:06:06.522  2135  4111 W OptProp : Cannot read opt property android.window.PROPERTY_COMPAT_ALLOW_RESIZEABLE_ACTIVITY_OVERRIDES
04-03 09:06:06.522  2135  4111 W OptProp : Cannot read opt property android.window.PROPERTY_COMPAT_ALLOW_MIN_ASPECT_RATIO_OVERRIDE
04-03 09:06:06.523  2135  4111 D CompatChangeReporter: Compat change id reported: 306666082; UID 10670; state: ENABLED
04-03 09:06:06.528  2135  4111 D ActivityTaskManager: getPreferredLaunchDisplay userset_displayid true user set display id 0, current focus display 0
04-03 09:06:06.529  2135  4111 D ActivityTaskManager: getPreferredLaunchDisplay userset_displayid true user set display id 0, current focus display 0
04-03 09:06:06.538  1666  1778 E ANDR-PERF-LM: MetaMeter: handleAsync() 166: AdaptLaunch Invalid Async
04-03 09:06:06.538  1666  1778 E ANDR-PERF-LM: MetaMeter: handleAsync() 166: AdaptLaunch Invalid Async
04-03 09:06:06.538  1666  1778 E ANDR-PERF-LM: MetaMeter: handleAsync() 166: AdaptLaunch Invalid Async
04-03 09:06:06.540  2135  4111 D ActivityTaskManager: getPreferredLaunchDisplay userset_displayid true user set display id 0, current focus display 0
04-03 09:06:06.540  2135  4111 D ActivityTaskManager: getPreferredLaunchDisplay userset_displayid true user set display id 0, current focus display 0
04-03 09:06:06.541  2135  4111 D ActivityTaskManager: getPreferredLaunchDisplay userset_displayid true user set display id 0, current focus display 0
04-03 09:06:06.541  2135  4111 D ActivityTaskManager: getPreferredLaunchDisplay userset_displayid true user set display id 0, current focus display 0
04-03 09:06:06.560  2135  4111 D ActivityTaskManager: sendShowDecorCaptionWindow Task is not organized Task{ee729d4 #2508 type=undefined}
04-03 09:06:06.562  2135  4111 D ActivityTaskManager: sendShowDecorCaptionWindow Task is not organized Task{ee729d4 #2508 type=undefined}
04-03 09:06:06.575  2135  4111 D ActivityTaskManager: getPreferredLaunchDisplay userset_displayid false user set display id 0, current focus display 0
04-03 09:06:06.575  2135  4111 D ActivityTaskManager: getPreferredLaunchDisplay userset_displayid false user set display id 0, current focus display 0
04-03 09:06:06.588  1627  1627 I QTI PowerHAL: Power setMode: 5 to: 1
04-03 09:06:06.588  2135  4111 D PowerManagerService: nativeSetPowerMode ret:true mode:5 enabled:true duration ms: 2
04-03 09:06:06.589  1666  1666 E ANDR-PERF-REQUEST: Qindx 137 is  not supported
04-03 09:06:06.589  1666  1666 E ANDR-PERF-REQUEST: invalid request
04-03 09:06:06.589  1666  1666 E ANDR-PERF-MPCTL: invalid request, no optimizations performed
04-03 09:06:06.589  1627  1627 E QTI PowerHAL: Can't perform app launch hint
04-03 09:06:06.599  2135  4111 D ActivityTrigger: ActivityTrigger activityPauseTrigger 
04-03 09:06:06.602  2135  7301 D CompatChangeReporter: Compat change id reported: 309578419; UID 10670; state: ENABLED
04-03 09:06:06.610  2135  7301 E PersistenceController: SettingNotFoundException: sv_custom_ai_icon_enabled
04-03 09:06:06.614  2135  7301 E PersistenceController: SettingNotFoundException: sv_custom_ai_icon_enabled
04-03 09:06:06.621  2135  4111 I ActivityTaskManager: START u0 {flg=0x10000000 cmp=com.secretengine.game/.MainActivity} with LAUNCH_MULTIPLE from uid 2000 (startActivityAsUser) (BAL_ALLOW_PERMISSION) result code=0
04-03 09:06:06.624  3377  3427 V WindowManagerShell: Transition requested (#68): android.os.BinderProxy@3ab8fb2 TransitionRequestInfo { type = OPEN, triggerTask = TaskInfo{userId=0 taskId=2508 displayId=0 isRunning=true baseIntent=Intent { flg=0x10000000 cmp=com.secretengine.game/.MainActivity } baseActivity=ComponentInfo{com.secretengine.game/com.secretengine.game.MainActivity} topActivity=ComponentInfo{com.secretengine.game/com.secretengine.game.MainActivity} origActivity=null realActivity=ComponentInfo{com.secretengine.game/com.secretengine.game.MainActivity} numActivities=1 lastActiveTime=3181657 supportsMultiWindow=true supportsGlobalFreeform=true resizeMode=1 isResizeable=true isAppLocked=false isShowDecorCaptionWindowRequest=false canKillAndRestart=false minWidth=-1 minHeight=-1 defaultMinSize=200 token=WCT{android.window.IWindowContainerToken$Stub$Proxy@6c178b9} topActivityType=1 pictureInPictureParams=null shouldDockBigOverlays=false launchIntoPipHostTaskId=-1 lastParentTaskIdBeforePip=-1 displayCutoutSafeInsets=Rect(0, 77 - 0, 0) topActivityInfo=ActivityInfo{b3ef4fe com.secretengine.game.MainActivity} launchCookies=[] positionInParent=Point(0, 0) parentTaskId=-1 isFocused=false isVisible=false isVisibleRequested=false isSleeping=false locusId=null displayAreaFeatureId=1 isTopActivityTransparent=false appCompatTaskInfo=AppCompatTaskInfo { topActivityInSizeCompat=false topActivityEligibleForLetterboxEducation= falseisLetterboxEducationEnabled= false isLetterboxDoubleTapEnabled= false topActivityEligibleForUserAspectRatioButton= false topActivityBoundsLetterboxed= false isFromLetterboxDoubleTap= false topActivityLetterboxVerticalPosition= -1 topActivityLetterboxHorizontalPosition= -1 topActivityLetterboxWidth=720 topActivityLetterboxHeight=1600 isUserFullscreenOverrideEnabled=false isSystemFullscreenOverrideEnabled=false cameraCompatTaskInfo=CameraCompatTaskInfo { cameraCompatControlState=hidden freeformCameraCompatMode=inactive}}}, pipTask = null, remoteTransition = null, displayChange = null, flags = 0, debugId = 68 }
04-03 09:06:06.632  2135  2347 V GrammaticalInflectionUtils: AttributionSource: android.content.AttributionSource@130bc8c8 does not have READ_SYSTEM_GRAMMATICAL_GENDER permission.
04-03 09:06:06.641 29567 29567 I TopTaskTracker: onTaskMovedToFront: (moved taskInfo to front) taskId=2508, baseIntent=Intent { flg=0x10000000 cmp=com.secretengine.game/.MainActivity }
04-03 09:06:06.647  2135  4111 W PackageManager: Missing required system package: com.miniclip.carrom, but found with extended search.
04-03 09:06:06.650  2135  9132 D FileUtils: Rounded bytes from 3640991744 to 4000000000
04-03 09:06:06.656  1700  1700 I BpBinder: onLastStrongRef automatically unlinking death recipients: 
04-03 09:06:06.669  1509  1509 D Zygote  : Forked child process 10159
04-03 09:06:06.671  2135  9132 W PackageManager: Missing required system package: com.google.android.apps.nbu.paisa.user, but found with extended search.
04-03 09:06:06.672  1666  1778 E ANDR-PERF-LM: MetaMeter: handleAsync() 166: AdaptLaunch Invalid Async
04-03 09:06:06.672  2135  2420 I ActivityManager: Start proc 10159:com.secretengine.game/u0a670 for next-top-activity {com.secretengine.game/com.secretengine.game.MainActivity}
04-03 09:06:06.693 10159 10159 I cretengine.game: Late-enabling -Xcheck:jni
04-03 09:06:06.698  2135  4298 W PackageManager: Missing required system package: water.sort.puzzle.game.color.sorting.free, but found with extended search.
04-03 09:06:06.699  2135  4111 I WifiService: releaseWifiLock uid=10597
04-03 09:06:06.718  2135  4298 D CoreBackPreview: Window{8d72e79 u0 Splash Screen com.secretengine.game}: Setting back callback OnBackInvokedCallbackInfo{mCallback=android.window.IOnBackInvokedCallback$Stub$Proxy@cec217a, mPriority=0, mIsAnimationCallback=false}
04-03 09:06:06.730  3377  3377 W ll.splashscreen: type=1400 audit(0.0:3687): avc:  denied  { read } for  name="u:object_r:vendor_display_prop:s0" dev="tmpfs" ino=14430 scontext=u:r:platform_app:s0:c512,c768 tcontext=u:object_r:vendor_display_prop:s0 tclass=file permissive=0 app=com.android.systemui
04-03 09:06:06.735  1607  2956 I MotSpeakerWrapper: EFFECT_CMD_SET_VOLUME: 0.000000, 0.000000 on ID 1945 (Music)
04-03 09:06:06.735  1607  2956 I MotSpeakerWrapper: EFFECT_CMD_SET_VOLUME: 0.000000, 0.000000 on ID 1945 (Music Offload)
04-03 09:06:06.735  1607  3055 D MotSpeakerHelper: Speaker ON: volume 0.000000 (step 0), usecase MUSIC
04-03 09:06:06.735  3377  3462 W libc    : Access denied finding property "vendor.display.enable_optimal_refresh_rate"
04-03 09:06:06.736 10159 10159 I cretengine.game: Using CollectorTypeCC GC.
04-03 09:06:06.737  1607  3055 D MotSpeakerHelper: Speaker ON: volume 0.000000 (step 0), usecase MUSIC
04-03 09:06:06.742  1607  2956 V DlbVolumeListener: effectCommand
04-03 09:06:06.742  1607  2956 V DlbVolumeListener: Command EFFECT_CMD_SET_VOLUME: left 0, right 0
04-03 09:06:06.742  1607  2956 D DlbVolumeListener: effectCommand: Ignore volume 0 coming from pausing playback
04-03 09:06:06.756  2135  9132 W PackageManager: Missing required system package: com.grofers.customerapp, but found with extended search.
04-03 09:06:06.760 17479 17479 W NonBlockingScreenshotDetectorImpl: Resigning active session
04-03 09:06:06.761 17479 17479 W NonBlockingScreenshotDetectorImpl: Now handling 2 active screenshot sessions
04-03 09:06:06.761 17479 17479 W NonBlockingScreenshotDetectorImpl: Resigning active session
04-03 09:06:06.761 17479 17479 W NonBlockingScreenshotDetectorImpl: Now handling 1 active screenshot sessions
04-03 09:06:06.761 17479 17479 W NonBlockingScreenshotDetectorImpl: Resigning active session
04-03 09:06:06.761 17479 17479 W NonBlockingScreenshotDetectorImpl: Now handling 0 active screenshot sessions
04-03 09:06:06.762  2355  2371 I adbd    : jdwp connection from 10159
04-03 09:06:06.771 17479 17479 W RageShakeSensorHelper: onActivityPause
04-03 09:06:06.771 17479 17479 W RageShakeSensorHelper: unregisterShakeListener started | mRegistered=true
04-03 09:06:06.771 17479 17479 W RageShakeSensorHelper: unregisterShakeListener unregistered
04-03 09:06:06.785  2135  4111 W PackageManager: Missing required system package: com.myntra.android, but found with extended search.
04-03 09:06:06.793 10159 10159 D nativeloader: Load libframework-connectivity-tiramisu-jni.so using APEX ns com_android_tethering for caller /apex/com.android.tethering/javalib/framework-connectivity-t.jar: ok
04-03 09:06:06.796  1608  1608 I sensors-hal: batch:240, android.sensor.accelerometer/11, period=20000000, max_latency=66667000
04-03 09:06:06.796  1608  1608 I sensors-hal: set_config:64, sample_period_ns is adjusted to 20000000 based on min/max delay_ns
04-03 09:06:06.796  1608  1608 I sensors-hal: batch:249, android.sensor.accelerometer/11, period=20000000, max_latency=66667000 request completed
04-03 09:06:06.803  2135  9132 W PackageManager: Missing required system package: com.termux, but found with extended search.
04-03 09:06:06.804  1627  1627 I QTI PowerHAL: Power setBoost: 0, duration: 0
04-03 09:06:06.837  2135  9132 W PackageManager: Missing required system package: com.trello, but found with extended search.
04-03 09:06:06.844  1666  1778 E ANDR-PERF-LM: MetaMeter: handleAsync() 166: AdaptLaunch Invalid Async
04-03 09:06:06.855  2135  9132 D CompatChangeReporter: Compat change id reported: 324203798; UID 10670; state: ENABLED
04-03 09:06:06.883  1692  2703 D audioserver: logFgsApiEnd: FGS Logger Transaction failed, -129
04-03 09:06:06.883  1692  2703 D AudioFlinger: checkAudioTracks(flags=0x0) with audio track flags updated to 0x0 on audio output 21
04-03 09:06:06.884  1607  2956 D DlbDapEffectContext: setParam() received parameter EFFECT_PARAM_SET_AUDIO_FLAG
04-03 09:06:06.884  1607  2956 D DlbDapEffectContext: setAudioFlags(flag=0x00000000)
04-03 09:06:06.884  1607  2956 D DlbDapEffectContext: updateInputFormat() mIsDmsContentProcEnabled: 1, channels: 0x3, mCurrentDevice: 0x2, mAudioFlags: 0x0
04-03 09:06:06.884  1607  2956 D DlbDap2Process: setHTParam: mIsBinauralInput: 0
04-03 09:06:06.884  1607  2956 D DlbDap2Process: DAP input format is 0x22 with input channel mask 0x3
04-03 09:06:06.885  3377  3909 V WindowManagerShell: onTransitionReady(transaction=9169755180855)
04-03 09:06:06.886  3377  3427 V WindowManagerShell: onTransitionReady (#68) android.os.BinderProxy@3ab8fb2: {id=68 t=OPEN f=0x0 trk=0 r=[0@Point(0, 0)] c=[{WCT{android.window.IWindowContainerToken$Stub$Proxy@750a2ba} m=OPEN f=NONE pTaskId=-1 leash=Surface(name=Task=2508)/@0xff8a34f sb=Rect(0, 0 - 720, 1600) eb=Rect(0, 0 - 720, 1600) d=0 taskParent=-1},{WCT{android.window.IWindowContainerToken$Stub$Proxy@4c6256b} m=TO_BACK f=NONE pTaskId=-1 leash=Surface(name=Task=2501)/@0xcb9cadc sb=Rect(0, 0 - 720, 1600) eb=Rect(0, 0 - 720, 1600) d=0 taskParent=-1}]}
04-03 09:06:06.886  3377  3427 V WindowManagerShell: Playing animation for (#68) android.os.BinderProxy@3ab8fb2@0
04-03 09:06:06.886  3377  3427 V WindowManagerShell:  try handler com.android.wm.shell.transition.DefaultMixedHandler@dc2fea0
04-03 09:06:06.886  3377  3427 V WindowManagerShell:  try handler com.android.wm.shell.keyguard.KeyguardTransitionHandler@55b5a59
04-03 09:06:06.886  3377  3427 V WindowManagerShell:  try handler com.android.wm.shell.pip.PipTransition@742c61e
04-03 09:06:06.888  3377  3427 V WindowManagerShell:  try handler com.android.wm.shell.activityembedding.ActivityEmbeddingController@8ffaeff
04-03 09:06:06.890  3377  3427 V WindowManagerShell:  try handler com.android.wm.shell.recents.RecentsTransitionHandler@46964cc
04-03 09:06:06.890  3377  3427 V ShellRecents: RecentsTransitionHandler.startAnimation: no controller found
04-03 09:06:06.890  3377  3427 V WindowManagerShell:  try handler com.android.wm.shell.splitscreen.StageCoordinator@f5e4315
04-03 09:06:06.893  3377  3427 V WindowManagerShell:  try handler com.android.wm.shell.transition.RemoteTransitionHandler@ad1262a
04-03 09:06:06.893  3377  3427 V WindowManagerShell: Transition doesn't have explicit remote, search filters for match for {id=68 t=OPEN f=0x0 trk=0 r=[0@Point(0, 0)] c=[{WCT{android.window.IWindowContainerToken$Stub$Proxy@750a2ba} m=OPEN f=NONE pTaskId=-1 leash=Surface(name=Task=2508)/@0xff8a34f sb=Rect(0, 0 - 720, 1600) eb=Rect(0, 0 - 720, 1600) d=0 taskParent=-1},{WCT{android.window.IWindowContainerToken$Stub$Proxy@4c6256b} m=TO_BACK f=NONE pTaskId=-1 leash=Surface(name=Task=2501)/@0xcb9cadc sb=Rect(0, 0 - 720, 1600) eb=Rect(0, 0 - 720, 1600) d=0 taskParent=-1}]}
04-03 09:06:06.893  1607  2956 V DlbVolumeListener: effectCommand
04-03 09:06:06.893  1607  2956 V DlbVolumeListener: effectCommand :: Command EFFECT_CMD_DISABLE
04-03 09:06:06.895  3377  3427 V WindowManagerShell:  Checking filter Pair{{types=[] flags=0x0] notFlags=0x100 checks=[{atype=home independent=true modes=[OPEN,TO_FRONT] flags=NONE mustBeTask=false order=TOP topActivity=ComponentInfo{com.motorola.launcher3/com.android.launcher3.uioverrides.QuickstepLauncher} launchCookie=null},{atype=standard independent=true modes=[CLOSE,TO_BACK] flags=NONE mustBeTask=false order=ANY topActivity=null launchCookie=null}]} RemoteTransition { remoteTransition = android.window.IRemoteTransition$Stub$Proxy@cb0707c, appThread = android.app.IApplicationThread$Stub$Proxy@54ddd05, debugName = QuickstepLaunchHome }}
04-03 09:06:06.896  3377  3427 V WindowManagerShell:  Delegate animation for (#68) to null
04-03 09:06:06.896  3377  3427 V WindowManagerShell:  try handler com.android.wm.shell.transition.DefaultTransitionHandler@32a3c1b
04-03 09:06:06.896  3377  3427 V WindowManagerShell: start default transition animation, info = {id=68 t=OPEN f=0x0 trk=0 r=[0@Point(0, 0)] c=[{WCT{android.window.IWindowContainerToken$Stub$Proxy@750a2ba} m=OPEN f=NONE pTaskId=-1 leash=Surface(name=Task=2508)/@0xff8a34f sb=Rect(0, 0 - 720, 1600) eb=Rect(0, 0 - 720, 1600) d=0 taskParent=-1},{WCT{android.window.IWindowContainerToken$Stub$Proxy@4c6256b} m=TO_BACK f=NONE pTaskId=-1 leash=Surface(name=Task=2501)/@0xcb9cadc sb=Rect(0, 0 - 720, 1600) eb=Rect(0, 0 - 720, 1600) d=0 taskParent=-1}]}
04-03 09:06:06.898  1607  2956 V DlbVolumeListener: release(handle=0xeab1cf60)
04-03 09:06:06.899  3377  3427 V WindowManagerShell: loadAnimation: anim=android.view.animation.AnimationSet@fd63086 animAttr=0x9 type=OPEN isEntrance=false
04-03 09:06:06.911  1692  2034 W audioserver: Binder 0xb40000715be21750 destroyed after setInheritRt before being parceled.
04-03 09:06:06.911  1692  2034 W audioserver: Binder 0xb40000715be21750 destroyed after setMinSchedulerPolicy before being parceled.
04-03 09:06:06.911  2135  2935 W PackageManager: Missing required system package: com.nnacres.app, but found with extended search.
04-03 09:06:06.912  3377  3427 V WindowManagerShell: loadAnimation: anim=android.view.animation.AnimationSet@684de9d animAttr=0x8 type=OPEN isEntrance=true
04-03 09:06:06.914  3377  3427 V WindowManagerShell:  animated by com.android.wm.shell.transition.DefaultTransitionHandler@32a3c1b
04-03 09:06:06.914  2135  7301 W PackageManager: Missing required system package: com.anthropic.claude, but found with extended search.
04-03 09:06:06.915  1692  2034 W audioserver: Binder 0xb40000715be215d0 destroyed after setInheritRt before being parceled.
04-03 09:06:06.916  1692  2034 W audioserver: Binder 0xb40000715be215d0 destroyed after setMinSchedulerPolicy before being parceled.
04-03 09:06:06.916  1607  3055 D MotSpeakerHelper: Speaker ON: volume 0.500000 (step 12), usecase SAFE
04-03 09:06:06.916  1607  3055 D MotSpeakerHelper: Speaker ON: volume 0.500000 (step 12), usecase SAFE
04-03 09:06:06.916  1607  3055 D MotSpeakerHelper: Speaker ON: volume 0.500000 (step 12), usecase SAFE
04-03 09:06:06.916  1607  3055 D MotSpeakerHelper: Speaker ON: volume 0.500000 (step 12), usecase SAFE
04-03 09:06:06.918  1692  2034 D APM_AudioPolicyManager: stopOutput() output 21, stream 3, session 1945
04-03 09:06:06.919  2135  2935 D ActivityManager: unfreezing ProcessRecord{8613bea 9433:com.nnacres.app/u0a520}, reason = unfreezeTemporarily, adj = 920, adjType = cch-empty, adjSource = null
04-03 09:06:06.920  2135  2935 D ActivityManager: sync unfroze 9433 com.nnacres.app for 27
04-03 09:06:06.926 28996 28996 I Finsky  : [2] SCH: job service start with id 9052.
04-03 09:06:06.928  2135  2935 W JobServiceContext: Sending onNetworkChanged for a job that isn't started. JobStatus{db075e3 #u0a520/-856870960 com.nnacres.app/com.google.android.datatransport.runtime.scheduling.jobscheduling.JobInfoSchedulerService u=0 s=10520 TIME=-21s880ms:none NET READY}
04-03 09:06:06.938  1607 28742 D DlbDlbEffect: handle_EFFECT_CMD_DISABLE()
04-03 09:06:06.938  1607 28742 D DlbEffectDap: updateProcessEnabled(enabled=0, bypassed=0)
04-03 09:06:06.938  1607 28742 D DlbCrossfadeProcess: setEnabled transitioning from PROCESS_ACTIVE state to FADE_TO_BYPASS
04-03 09:06:06.949  1607 28742 D DlbDlbEffect: handle_EFFECT_CMD_SET_CONFIG()
04-03 09:06:06.949  1607 28742 D DlbDapEffectContext: updateInputFormat() mIsDmsContentProcEnabled: 1, channels: 0x3, mCurrentDevice: 0x2, mAudioFlags: 0x0
04-03 09:06:06.949  1607 28742 D DlbDap2Process: setHTParam: mIsBinauralInput: 0
04-03 09:06:06.949  1607 28742 D DlbDap2Process: DAP input format is 0x22 with input channel mask 0x3
04-03 09:06:06.949  1607 28742 D DlbDlbEffect: handle_EFFECT_CMD_SET_CONFIG()
04-03 09:06:06.949  1607 28742 D DlbDapEffectContext: updateInputFormat() mIsDmsContentProcEnabled: 1, channels: 0x3, mCurrentDevice: 0x2, mAudioFlags: 0x0
04-03 09:06:06.949  1607 28742 D DlbDap2Process: setHTParam: mIsBinauralInput: 0
04-03 09:06:06.949  1607 28742 D DlbDap2Process: DAP input format is 0x22 with input channel mask 0x3
04-03 09:06:06.949  2135  9132 W UserManagerService: Requested status bar icon for non-badged user 0
04-03 09:06:06.950  1607 28742 D DlbDlbEffect: handle_EFFECT_CMD_SET_DEVICE(device=0x00000002)
04-03 09:06:06.950  1607 28742 D DlbDapEndpointParamCache: setDevice(device=0x00000002)
04-03 09:06:06.957  2135  2343 V WindowManager: Sent Transition (#68) createdAt=04-03 09:06:06.527 via request=TransitionRequestInfo { type = OPEN, triggerTask = TaskInfo{userId=0 taskId=2508 displayId=0 isRunning=true baseIntent=Intent { flg=0x10000000 cmp=com.secretengine.game/.MainActivity } baseActivity=ComponentInfo{com.secretengine.game/com.secretengine.game.MainActivity} topActivity=ComponentInfo{com.secretengine.game/com.secretengine.game.MainActivity} origActivity=null realActivity=ComponentInfo{com.secretengine.game/com.secretengine.game.MainActivity} numActivities=1 lastActiveTime=3181657 supportsMultiWindow=true supportsGlobalFreeform=true resizeMode=1 isResizeable=true isAppLocked=false isShowDecorCaptionWindowRequest=false canKillAndRestart=true minWidth=-1 minHeight=-1 defaultMinSize=200 token=WCT{RemoteToken{74fdd2a Task{ee729d4 #2508 type=standard A=10670:com.secretengine.game}}} topActivityType=1 pictureInPictureParams=null shouldDockBigOverlays=false launchIntoPipHostTaskId=-1 lastParentTaskIdBeforePip=-1 displayCutoutSafeInsets=Rect(0, 77 - 0, 0) topActivityInfo=ActivityInfo{ae0271b com.secretengine.game.MainActivity} launchCookies=[] positionInParent=Point(0, 0) parentTaskId=-1 isFocused=false isVisible=false isVisibleRequested=false isSleeping=false locusId=null displayAreaFeatureId=1 isTopActivityTransparent=false appCompatTaskInfo=AppCompatTaskInfo { topActivityInSizeCompat=false topActivityEligibleForLetterboxEducation= falseisLetterboxEducationEnabled= false isLetterboxDoubleTapEnabled= false topActivityEligibleForUserAspectRatioButton= false topActivityBoundsLetterboxed= false isFromLetterboxDoubleTap= false topActivityLetterboxVerticalPosition= -1 topActivityLetterboxHorizontalPosition= -1 topActivityLetterboxWidth=720 topActivityLetterboxHeight=1600 isUserFullscreenOverrideEnabled=false isSystemFullscreenOverrideEnabled=false cameraCompatTaskInfo=CameraCompatTaskInfo { cameraCompatControlState=hidden freeformCameraCompatMode=inactive}}}, pipTask = null, remoteTransition = null, displayChange = null, flags = 0, debugId = 68 }
04-03 09:06:06.957  2135  2343 V WindowManager:     startWCT=WindowContainerTransaction { changes = {} hops = [] errorCallbackToken=null taskFragmentOrganizer=null }
04-03 09:06:06.957  2135  2343 V WindowManager:     info={id=68 t=OPEN f=0x0 trk=0 r=[0@Point(0, 0)] c=[
04-03 09:06:06.957  2135  2343 V WindowManager:         {WCT{RemoteToken{74fdd2a Task{ee729d4 #2508 type=standard A=10670:com.secretengine.game}}} m=OPEN f=NONE pTaskId=-1 leash=Surface(name=Task=2508)/@0xa66985d sb=Rect(0, 0 - 720, 1600) eb=Rect(0, 0 - 720, 1600) d=0 taskParent=-1},
04-03 09:06:06.957  2135  2343 V WindowManager:         {WCT{RemoteToken{da44c21 Task{336d91f #2501 type=standard A=10597:com.instagram.android}}} m=TO_BACK f=NONE pTaskId=-1 leash=Surface(name=Task=2501)/@0xce3709c sb=Rect(0, 0 - 720, 1600) eb=Rect(0, 0 - 720, 1600) d=0 taskParent=-1}
04-03 09:06:06.957  2135  2343 V WindowManager:     ]}
04-03 09:06:06.960  9433  9524 I ReactNativeJNI: Memory warning (pressure level: TRIM_MEMORY_BACKGROUND) received by JS VM, running a GC
04-03 09:06:06.965  1647  1647 D DolbyManagerService: setActiveDevice called with device = 0x2 (original 0x2)
04-03 09:06:06.966 28996  9766 I Finsky  : [1111] SCH: Satisfied jobs for 9052 are: 12-1
04-03 09:06:06.966  1607 28742 D DlbEffectDap: setAudioMode(mode = 0)
04-03 09:06:06.967  1607  2956 D DlbEffectContext: addPregainObserver(): Pregain observer added for audio io 13 and Dolby effect type 0
04-03 09:06:06.967  1607  2956 D DlbDapCrossfadeProcess: clear()
04-03 09:06:06.967 28996 10176 I Finsky  : [1118] SCH: Job 12-1 starting
04-03 09:06:06.969  1607  3161 D DlbDlbEffect: handle_EFFECT_CMD_ENABLE()
04-03 09:06:06.969  1607  3161 D DlbEffectDap: updateProcessEnabled(enabled=1, bypassed=0)
04-03 09:06:06.969  1607  3161 D DlbCrossfadeProcess: setEnabled transitioning from PROCESS_BYPASSED state to PREROLL_ACTIVE
04-03 09:06:06.971  1692  2034 D AudioFlinger: moveEffectChain_ll: successful move of session 0 from srcThread 0xb40000715bfb8448 to dstThread 0xb40000715bf163c8 (1 effects moved, 1 effects started)
04-03 09:06:06.972 28996 28996 I Finsky  : [2] WM::SCH: Logging work start for 12-1
04-03 09:06:06.974 28996 28996 I Finsky  : [2] [ContentSync] job started
04-03 09:06:06.983  2135  9132 W PackageManager: Missing required system package: com.google.android.apps.chromecast.app, but found with extended search.
04-03 09:06:07.031 10159 10159 D nativeloader: Configuring clns-7 for other apk /data/app/~~IbZQ7BVnpY7Y_VBB6X2OnQ==/com.secretengine.game-GZqlQ62m8c8GRGIfkOorrg==/base.apk. target_sdk_version=35, uses_libraries=, library_path=/data/app/~~IbZQ7BVnpY7Y_VBB6X2OnQ==/com.secretengine.game-GZqlQ62m8c8GRGIfkOorrg==/lib/arm64:/data/app/~~IbZQ7BVnpY7Y_VBB6X2OnQ==/com.secretengine.game-GZqlQ62m8c8GRGIfkOorrg==/base.apk!/lib/arm64-v8a, permitted_path=/data:/mnt/expand:/data/user/0/com.secretengine.game
04-03 09:06:07.037 10159 10159 D CompatChangeReporter: Compat change id reported: 202956589; UID 10670; state: ENABLED
04-03 09:06:07.053   841   841 I lowmemorykiller: Kill 'com.indus.appstore' (8046), uid 10391, oom_score_adj 935 to free 78460kB rss, 68400kB swap; reason: device is in medium stall and watermark low
04-03 09:06:07.055 10159 10159 V GraphicsEnvironment: Currently set values for:
04-03 09:06:07.056 10159 10159 V GraphicsEnvironment:   angle_gl_driver_selection_pkgs=[]
04-03 09:06:07.056 10159 10159 V GraphicsEnvironment:   angle_gl_driver_selection_values=[]
04-03 09:06:07.056 10159 10159 V GraphicsEnvironment: Global.Settings values are invalid: number of packages: 0, number of values: 0
04-03 09:06:07.056 10159 10159 V GraphicsEnvironment: Neither updatable production driver nor prerelease driver is supported.
04-03 09:06:07.068 29567 29574 I orola.launcher3: NativeAlloc concurrent copying GC freed 5186KB AllocSpace bytes, 15(612KB) LOS objects, 49% free, 6953KB/13MB, paused 61us,50us total 134.834ms
04-03 09:06:07.095 10159 10159 D CompatChangeReporter: Compat change id reported: 279646685; UID 10670; state: ENABLED
04-03 09:06:07.113 10159 10159 I Typeface: updateThemeFont new=Rookery-Regular;old=sans-serif;new=Rookery-Stacked;old=
04-03 09:06:07.117  2135  4111 I ActivityManager: Flag disabled. Ignoring finishAttachApplication from uid: 10670. pid: 10159
04-03 09:06:07.122  3859 32708 I FusedLocation: (REDACTED) location delivery to %s blocked - too close
04-03 09:06:07.122  2135  3189 D ConnectivityService: releasing NetworkRequest [ REQUEST id=2087, [ Capabilities: INTERNET&NOT_RESTRICTED&TRUSTED&NOT_VCN_MANAGED&NOT_BANDWIDTH_CONSTRAINED Uid: 10391 RequestorUid: 10391 RequestorPkg: com.indus.appstore UnderlyingNetworks: Null] ] (release request)
04-03 09:06:07.122  2135  2196 I ActivityManager: appDiedLocked: app=ProcessRecord{2c4d7ec 8046:com.indus.appstore/u0a391} thread=android.os.BinderProxy@61a1212 fromBinderDied=true isKilledByAm=false reason=null
04-03 09:06:07.122  2135  2196 I ActivityManager: Process com.indus.appstore (pid 8046) has died: cch+35 CEM 
04-03 09:06:07.122  3859 32708 I FusedLocation: (REDACTED) location delivery to %s blocked - too close
04-03 09:06:07.124  2135  2196 D CompatChangeReporter: Compat change id reported: 311208629; UID 10391; state: ENABLED
04-03 09:06:07.124   841   841 I lowmemorykiller: Kill 'com.google.android.cellbroadcastreceiver' (8031), uid 10312, oom_score_adj 925 to free 52056kB rss, 50284kB swap; reason: device is in medium stall and watermark low
04-03 09:06:07.125  2135  2196 D RestartModeController: markWaitRestartAppIsSuicided null processName=com.indus.appstore
04-03 09:06:07.127  1509  1509 I Zygote  : Process 8046 exited due to signal 9 (Killed)
04-03 09:06:07.127  2135  2344 D DisplayManagerService: Drop pending events for gone uid 10391
04-03 09:06:07.128  3859 32708 I FusedLocation: (REDACTED) location delivery to %s blocked - too close
04-03 09:06:07.130  2135  2507 I libprocessgroup: Removed cgroup /sys/fs/cgroup/uid_10391/pid_8046
04-03 09:06:07.131  2135  2507 W libprocessgroup: RemoveCgroup: /dev/memcg/apps/uid_10391/pid_8046 does not exist.
04-03 09:06:07.132  2135  2196 D ActivityTaskManager: handleAppDied: uid=10391,diedCount=1,lastDiedTime=2774703,forceStopUids=false
04-03 09:06:07.157 10159 10159 D nativeloader: Load /data/app/~~IbZQ7BVnpY7Y_VBB6X2OnQ==/com.secretengine.game-GZqlQ62m8c8GRGIfkOorrg==/lib/arm64/libSecretEngine.so using class loader ns clns-7 (caller=/data/app/~~IbZQ7BVnpY7Y_VBB6X2OnQ==/com.secretengine.game-GZqlQ62m8c8GRGIfkOorrg==/base.apk!classes3.dex): ok
04-03 09:06:07.158  1509  1509 I Zygote  : Process 8031 exited due to signal 9 (Killed)
04-03 09:06:07.159  2135  2196 I ActivityManager: appDiedLocked: app=ProcessRecord{c5115fd 8031:com.google.android.cellbroadcastreceiver/u0a312} thread=android.os.BinderProxy@29c60ed fromBinderDied=true isKilledByAm=false reason=null
04-03 09:06:07.159  2135  2196 I ActivityManager: Process com.google.android.cellbroadcastreceiver (pid 8031) has died: cch+25 CEM 
04-03 09:06:07.160  2135  2196 D RestartModeController: markWaitRestartAppIsSuicided null processName=com.google.android.cellbroadcastreceiver
04-03 09:06:07.160   841   841 I lowmemorykiller: Kill 'com.facebook.katana' (9248), uid 10635, oom_score_adj 920 to free 132932kB rss, 119536kB swap; reason: device is in medium stall and watermark low
04-03 09:06:07.161  2135  2196 D ActivityTaskManager: handleAppDied: uid=10312,diedCount=1,lastDiedTime=2589826,forceStopUids=false
04-03 09:06:07.164  2135  2344 D DisplayManagerService: Drop pending events for gone uid 10312
04-03 09:06:07.166  2135  2507 I libprocessgroup: Removed cgroup /sys/fs/cgroup/uid_10312/pid_8031
04-03 09:06:07.166  2135  2507 W libprocessgroup: RemoveCgroup: /dev/memcg/apps/uid_10312/pid_8031 does not exist.
04-03 09:06:07.174  2135  2135 D TwilightService: onLocationChanged: provider=fused accuracy=100.0 time=1775187367035
04-03 09:06:07.210  9433  9452 I TRuntime.CctTransportBackend: Making request to: https://crashlyticsreports-pa.googleapis.com/v1/firelog/legacy/batchlog
04-03 09:06:07.233  2135  3189 D ConnectivityService: releasing NetworkRequest [ REQUEST id=2104, [ Capabilities: INTERNET&NOT_RESTRICTED&TRUSTED&NOT_VCN_MANAGED&NOT_BANDWIDTH_CONSTRAINED Uid: 10635 RequestorUid: 10635 RequestorPkg: com.facebook.katana UnderlyingNetworks: Null] ] (release request)
04-03 09:06:07.234  2135  3189 D ConnectivityService: releasing NetworkRequest [ REQUEST id=2102, [ Capabilities: INTERNET&NOT_RESTRICTED&TRUSTED&NOT_VCN_MANAGED&NOT_BANDWIDTH_CONSTRAINED Uid: 10635 RequestorUid: 10635 RequestorPkg: com.facebook.katana UnderlyingNetworks: Null] ] (release request)
04-03 09:06:07.234  2135  3189 D ConnectivityService: releasing NetworkRequest [ REQUEST id=2100, [ Capabilities: INTERNET&NOT_RESTRICTED&TRUSTED&NOT_VCN_MANAGED&NOT_BANDWIDTH_CONSTRAINED Uid: 10635 RequestorUid: 10635 RequestorPkg: com.facebook.katana UnderlyingNetworks: Null] ] (release request)
04-03 09:06:07.234  2135  7302 I ActivityManager: appDiedLocked: app=ProcessRecord{bc2ffa3 9248:com.facebook.katana/u0a635} thread=android.os.BinderProxy@f265933 fromBinderDied=true isKilledByAm=false reason=null
04-03 09:06:07.234  2135  7302 I ActivityManager: Process com.facebook.katana (pid 9248) has died: cch+20 CEM 
04-03 09:06:07.235  2135  2507 I libprocessgroup: Removed cgroup /sys/fs/cgroup/uid_10635/pid_9248
04-03 09:06:07.236  1509  1509 I Zygote  : Process 9248 exited due to signal 9 (Killed)
04-03 09:06:07.239  2043  2328 I Codec2-Component@1.2: Client died ! notify and release the component !!
04-03 09:06:07.239  2135  2507 W libprocessgroup: RemoveCgroup: /dev/memcg/apps/uid_10635/pid_9248 does not exist.
04-03 09:06:07.239  2135  9281 W PackageManager: Missing required system package: com.maxhealthcare, but found with extended search.
04-03 09:06:07.243  2135  7302 D RestartModeController: markWaitRestartAppIsSuicided null processName=com.facebook.katana
04-03 09:06:07.244  2135  7302 D ActivityTaskManager: handleAppDied: uid=10635,diedCount=1,lastDiedTime=2793847,forceStopUids=false
04-03 09:06:07.246  2135  2344 D DisplayManagerService: Drop pending events for gone uid 10635
04-03 09:06:07.246  1671  1927 E Codec2-Component: Client died ! no component to release !!
04-03 09:06:07.248  1971 32588 E mediaserver32: unlinkToDeath: removed reference to death recipient but unlink failed: DEAD_OBJECT
04-03 09:06:07.249 10159 10159 D CompatChangeReporter: Compat change id reported: 309578419; UID 10670; state: ENABLED
04-03 09:06:07.249  1971  1971 E mediaserver32: unlinkToDeath: removed reference to death recipient but unlink failed: DEAD_OBJECT
04-03 09:06:07.251  1971  1971 E IPCThreadState: attemptIncStrongHandle(5): Not supported
04-03 09:06:07.251  1971 32588 E IPCThreadState: attemptIncStrongHandle(3): Not supported
04-03 09:06:07.252  8205  8205 D BoundBrokerSvc: onBind: Intent { act=com.google.android.gms.onboardingconsent.api.ConsentManagerApiService.START dat=chimera-action:/... cmp=com.google.android.gms/.chimera.GmsApiService }
04-03 09:06:07.252  8205  8205 D BoundBrokerSvc: Loading bound service for intent: Intent { act=com.google.android.gms.onboardingconsent.api.ConsentManagerApiService.START dat=chimera-action:/... cmp=com.google.android.gms/.chimera.GmsApiService }
04-03 09:06:07.253  2043  2328 D BufferPoolAccessor2.0: bufferpool2 0xb400007c624a8028 : 0(0 size) total buffers - 0(0 size) used buffers - 0/0 (recycle/alloc) - 0/0 (fetch/transfer)
04-03 09:06:07.254  2043  2328 D BufferPoolAccessor2.0: Destruction - bufferpool2 0xb400007c624a8028 cached: 0/0M, 0/0% in use; allocs: 0, 0% recycled; transfers: 0, 0% unfetched
04-03 09:06:07.257  1671  3006 I QC2CompStore: Deleting component(c2.qti.avc.decoder) id(120)
04-03 09:06:07.258  1671  3006 I QC2Comp : [avcD_120] Deallocated component c2.qti.avc.decoder [id=120]
04-03 09:06:07.270  1671  3006 E ANDR-PERF-TP: ~PerfThreadPool() 391: ~PerfThreadPool 
04-03 09:06:07.281  2135  7302 D FileUtils: Rounded bytes from 3640991744 to 4000000000
04-03 09:06:07.294  2135  9281 W PackageManager: Missing required system package: com.instagram.android, but found with extended search.
04-03 09:06:07.320 10159 10159 D nativeloader: Load /data/app/~~IbZQ7BVnpY7Y_VBB6X2OnQ==/com.secretengine.game-GZqlQ62m8c8GRGIfkOorrg==/lib/arm64/libSecretEngine.so using class loader ns clns-7 (caller=<unknown>): ok
04-03 09:06:07.321 10159 10159 V threaded_app: Creating: 0xb40000782d42dec0
04-03 09:06:07.322 10159 10189 V threaded_app: Config: mcc=404 mnc=66 lang=en cnt=IN orien=1 touch=3 dens=238 keys=1 nav=1 keysHid=3 navHid=0 sdk=35 size=3 long=2 modetype=1 modenight=2
04-03 09:06:07.322 10159 10189 I SecretEngine_Native: ========================================
04-03 09:06:07.322 10159 10189 I SecretEngine_Native: SecretEngine android_main() ENTRY POINT
04-03 09:06:07.322 10159 10189 I SecretEngine_Native: ========================================
04-03 09:06:07.322 10159 10189 I SecretEngine_Native: Ô£ô android_app state is valid
04-03 09:06:07.323 10159 10189 I SecretEngine_Native: Ô£ô Engine Core obtained successfully
04-03 09:06:07.323 10159 10189 I SecretEngine_Native: Ô£ô Event handlers registered
04-03 09:06:07.323 10159 10189 I SecretEngine_Native: Initializing Engine Core...
04-03 09:06:07.329 10159 10189 I Core    : [INFO] SecretEngine Initializing...
04-03 09:06:07.331 10159 10189 I Core    : [INFO] Registered Capability: rendering
04-03 09:06:07.331 10159 10189 I VulkanRenderer: [INFO] Plugin Loaded.
04-03 09:06:07.332 10159 10189 I Core    : [INFO] Registered Capability: input
04-03 09:06:07.335 10159 10189 I Core    : [INFO] Registered Capability: camera
04-03 09:06:07.335 10159 10189 I Core    : [INFO] Registered Capability: logic
04-03 09:06:07.335 10159 10189 I Core    : [INFO] Registered Capability: debug
04-03 09:06:07.335 10159 10189 I DebugPlugin: [INFO] ========================================
04-03 09:06:07.335 10159 10189 I DebugPlugin: [INFO] === DEBUG PLUGIN v1.0 LOADED ===
04-03 09:06:07.335 10159 10189 I DebugPlugin: [INFO] ========================================
04-03 09:06:07.335 10159 10189 I DebugPlugin: [INFO] Features: Performance profiling, Memory tracking, Hardware monitoring
04-03 09:06:07.335 10159 10189 I DebugPlugin: [INFO] Logcat interval: 1.0s | Thread-safe: YES | Zero-alloc: YES
04-03 09:06:07.335 10159 10189 I DebugPlugin: [INFO] Metrics: FPS, Frame time, Draw calls, Triangles, Memory, Battery
04-03 09:06:07.335 10159 10189 I PhysicsPlugin: [INFO] loaded - Full physics system initialized
04-03 09:06:07.335 10159 10189 I Core    : [INFO] Registered Capability: physics
04-03 09:06:07.335 10159 10189 I GameplayTagSystem: [INFO] loaded
04-03 09:06:07.335 10159 10189 I Core    : [INFO] Registered Capability: gameplay_tags
04-03 09:06:07.336 10159 10189 I LevelSystem: [INFO] loaded
04-03 09:06:07.337 10159 10189 I LevelManager: [INFO] initialized
04-03 09:06:07.337 10159 10189 I Core    : [INFO] Registered Capability: level_system
04-03 09:06:07.337 10159 10189 I FPSGameLogic: [INFO] loaded
04-03 09:06:07.337 10159 10189 I FPSGameLogic: [INFO] registering components
04-03 09:06:07.337 10159 10189 I Core    : [INFO] Registered Capability: fps_game
04-03 09:06:07.337 10159 10189 I FPSUI   : [INFO] loaded
04-03 09:06:07.337 10159 10189 I Core    : [INFO] Registered Capability: fps_ui
04-03 09:06:07.337 10159 10189 I DebugPlugin: [INFO] ========================================
04-03 09:06:07.337 10159 10189 I DebugPlugin: [INFO] === DEBUG PLUGIN ACTIVATED ===
04-03 09:06:07.337 10159 10189 I DebugPlugin: [INFO] ========================================
04-03 09:06:07.337 10159 10189 I DebugPlugin: [INFO] Starting performance monitoring...
04-03 09:06:07.337 10159 10189 I FPSGameLogic: [INFO] activated
04-03 09:06:07.337 10159 10189 E GameplayDataTable: [ERROR] No characterDefinitions in data table
04-03 09:06:07.337 10159 10189 I FPSGameLogic: [INFO] player entity created from data table (player_soldier)
04-03 09:06:07.337 10159 10189 E GameplayDataTable: [ERROR] No characterDefinitions in data table
04-03 09:06:07.337 10159 10189 E GameplayDataTable: [ERROR] No characterDefinitions in data table
04-03 09:06:07.337 10159 10189 E GameplayDataTable: [ERROR] No characterDefinitions in data table
04-03 09:06:07.337 10159 10189 E GameplayDataTable: [ERROR] No characterDefinitions in data table
04-03 09:06:07.337 10159 10189 E GameplayDataTable: [ERROR] No characterDefinitions in data table
04-03 09:06:07.337 10159 10189 I FPSGameLogic: [INFO] created 5 bot entities from data table (enemy_soldier)
04-03 09:06:07.338 10159 10189 I FPSGameLogic: [INFO] initialized: 1 player + 5 bots
04-03 09:06:07.338 10159 10189 I FPSUI   : [INFO] activated
04-03 09:06:07.338 10159 10189 I FPSUI   : [INFO] Level system connected
04-03 09:06:07.338 10159 10189 I LevelManager: [INFO] === Level System Info ===
04-03 09:06:07.338 10159 10189 I LevelManager: [INFO] Total levels: 0
04-03 09:06:07.338 10159 10189 I LevelManager: [INFO] Streaming enabled: yes
04-03 09:06:07.338 10159 10189 I GameplayTagSystem: [INFO] activated
04-03 09:06:07.340 10159 10159 V threaded_app: Start: 0xb40000782d42dec0
04-03 09:06:07.341 10159 10189 E GameplayDataTable: [ERROR] Failed to load data table: data/GameDataTable.json
04-03 09:06:07.341 10159 10189 E GameplayTagSystem: [ERROR] failed to load data table
04-03 09:06:07.341 10159 10189 I LevelSystem: [INFO] activated
04-03 09:06:07.341 10159 10189 I LevelManager: [INFO] Attempting to load level definitions from: data/LevelDefinitions.json
04-03 09:06:07.341 10159 10189 I LevelManager: [INFO] File loaded successfully, parsing JSON...
04-03 09:06:07.341 10159 10189 I LevelManager: [INFO] Successfully parsed JSON, processing levels...
04-03 09:06:07.341 10159 10189 I LevelManager: [INFO] Registered level: MainMenu (type: 0, path: Assets/main_menu.json)
04-03 09:06:07.341 10159 10189 I LevelManager: [INFO] Registered level: Scene (type: 1, path: Assets/scene.json)
04-03 09:06:07.342 10159 10189 I LevelManager: [INFO] Registered level: FPS_Arena (type: 1, path: Assets/fps_arena.json)
04-03 09:06:07.342 10159 10189 I LevelManager: [INFO] Registered level: RacingTrack (type: 1, path: Assets/racing_track.json)
04-03 09:06:07.342 10159 10189 I LevelManager: [INFO] Registered level: levelone (type: 1, path: Assets/levels/levelone.json)
04-03 09:06:07.342 10159 10189 I LevelManager: [INFO] Clearing all renderer instances before loading new level...
04-03 09:06:07.342 10159 10189 I VulkanRenderer: [INFO] All instances cleared for level change
04-03 09:06:07.342 10159 10189 I LevelManager: [INFO] Unloading current level (keeping persistent)
04-03 09:06:07.342 10159 10189 I LevelManager: [INFO] Loading level: levelone (priority: 2)
04-03 09:06:07.342 10159 10189 I LevelManager: [INFO] Loading level data from: Assets/levels/levelone.json
04-03 09:06:07.342 10159 10189 I LevelLoader: [INFO] ­ƒöì Attempting to load level file: Assets/levels/levelone.json
04-03 09:06:07.342 10159 10189 I LevelLoader: [INFO] Ô£à File loaded successfully (464 bytes), parsing JSON...
04-03 09:06:07.343 10159 10189 I LevelLoader: [INFO] Ô£à JSON parsed successfully
04-03 09:06:07.343 10159 10189 I LevelLoader: [INFO] ­ƒôª Detected v7.3 level format
04-03 09:06:07.343 10159 10189 I LevelLoader: [INFO] Loading players from: levels/entities/levelone_players.json
04-03 09:06:07.343 10159 10189 I LevelLoader: [INFO] Loading chunk from: Assets/levels/chunks/levelone_chunk.json
04-03 09:06:07.345  2135  9281 W PackageManager: Missing required system package: com.digilocker.android, but found with extended search.
04-03 09:06:07.401  2135  9281 W PackageManager: Missing required system package: com.YourCompany.EOS_SYS, but found with extended search.
04-03 09:06:07.420  3377  3427 V WindowManagerShell: Transition animation finished (aborted=false), notifying core (#68) android.os.BinderProxy@3ab8fb2@0
04-03 09:06:07.422  2135  2343 V WindowManager: Finish Transition (#68): created at 04-03 09:06:06.527 collect-started=0.804ms request-sent=92.526ms started=102.701ms ready=342.094ms sent=351.802ms finished=894.736ms
04-03 09:06:07.427  3377  3427 V WindowManagerShell: Track 0 became idle
04-03 09:06:07.427  3377  3427 V WindowManagerShell: All active transition animations finished
04-03 09:06:07.428  2135  7302 W UserManagerService: Requested status bar icon for non-badged user 0
04-03 09:06:07.431  2135  9281 W UserManagerService: Requested status bar icon for non-badged user 0
04-03 09:06:07.432  8205 10144 W ConsentManagerApiServic: Consent Manager API is not enabled. [CONTEXT service_id=460 ]
04-03 09:06:07.442  2135  9281 W PackageManager: Missing required system package: com.drivetrackplusrefuel, but found with extended search.
04-03 09:06:07.442 17479 17479 D VRI[MainTabActivity]: visibilityChanged oldVisibility=true newVisibility=false
04-03 09:06:07.444 17479 17479 E SlowAppComponent: 0ms: KeepWarmReceiver instantiatingÔÇª
04-03 09:06:07.444 17479 17479 E SlowAppComponent: Main thread was blocked for 110ms in the foreground starting with KeepWarmReceiver
04-03 09:06:07.457 17479 19185 D Surface : Surface::disconnect
04-03 09:06:07.457 17479 19185 D BufferQueueProducer: [com.instagram.android/com.instagram.android.activity.MainTabActivity#944(BLAST Consumer)pid:17479](id:444700000043,api:1,p:17479,c:17479) disconnect: api 1
04-03 09:06:07.551  3859  3859 D BoundBrokerSvc: onRebind: Intent { act=com.google.android.gms.auth.aang.events.services.START dat=chimera-action:/... cmp=com.google.android.gms/.chimera.PersistentApiService }
04-03 09:06:07.559  2161  4480 D LOWI-9.0.1.89.w: [LOWI-Scan] wait_event:Wait done with Cmd 103
04-03 09:06:07.559  2161  4480 D LOWI-9.0.1.89.w: [LOWI-Scan] do_listen_events: Rcvd valid Netlink Cmd 0 Err 0
04-03 09:06:07.560  2067  2067 I cnss-daemon: nl80211 response handler invoked
04-03 09:06:07.560  2067  2067 I cnss-daemon: nl80211_response_handler: cmd 103, vendorID 4980, subcmd 13  received
04-03 09:06:07.560  1634  3285 I WifiHAL : event received NL80211_CMD_VENDOR, vendor_id = 0x1374, subcmd = 0xd
04-03 09:06:07.642  8205  8205 D BoundBrokerSvc: onBind: Intent { act=com.google.android.gms.semanticlocationhistory.zeroparty.service.START dat=chimera-action:/... cmp=com.google.android.gms/.chimera.GmsApiService }
04-03 09:06:07.643  8205  8205 D BoundBrokerSvc: Loading bound service for intent: Intent { act=com.google.android.gms.semanticlocationhistory.zeroparty.service.START dat=chimera-action:/... cmp=com.google.android.gms/.chimera.GmsApiService }
04-03 09:06:07.643  2135  4298 W PackageManager: Missing required system package: com.YourCompany.LEVEL_DESIGNER, but found with extended search.
04-03 09:06:07.703  8906  8916 I artd    : GetBestInfo: odex next to the dex file (/data/app/~~07wrRJUgb0Bn2ochTPmxlg==/com.google.ar.core-wNbfRQyaY01ddOIxwiFAew==/oat/arm64/base.odex) is kOatBootImageOutOfDate with filter 'speed-profile' executable 'false': Image checksum mismatch, expected i;19/52feb486:i;30/ca6601bf to start with i;19/17c76533
04-03 09:06:07.704  8906  8916 I artd    : GetBestInfo: vdex next to the dex file (/data/app/~~07wrRJUgb0Bn2ochTPmxlg==/com.google.ar.core-wNbfRQyaY01ddOIxwiFAew==/oat/arm64/base.vdex) is kOatUpToDate with filter 'verify' executable 'false'
04-03 09:06:07.722  1634  1634 D WifiHAL : wifi_set_latency_mode: 0
04-03 09:06:07.738 17479 17483 I stagram.android: Background young concurrent copying GC freed 17MB AllocSpace bytes, 38(1920KB) LOS objects, 13% free, 142MB/164MB, paused 2.645ms,355us total 299.908ms
04-03 09:06:07.753 28996 29002 I android.vending: Background concurrent copying GC freed 15MB AllocSpace bytes, 0(0B) LOS objects, 49% free, 16MB/33MB, paused 181us,57us total 319.440ms
04-03 09:06:07.805  8906  8914 I artd    : GetBestInfo: odex next to the dex file (/data/app/~~-MG9cpht-dUzbI16O1k_PQ==/com.miniclip.minifootball-Nx4MPAxuBo30OYalTcQ8JA==/oat/arm64/base.odex) is kOatBootImageOutOfDate with filter 'speed-profile' executable 'false': Image checksum mismatch, expected i;19/52feb486:i;30/ca6601bf to start with i;19/17c76533
04-03 09:06:07.808  8906  8914 I artd    : GetBestInfo: vdex next to the dex file (/data/app/~~-MG9cpht-dUzbI16O1k_PQ==/com.miniclip.minifootball-Nx4MPAxuBo30OYalTcQ8JA==/oat/arm64/base.vdex) is kOatUpToDate with filter 'verify' executable 'false'
04-03 09:06:07.812  3859  9030 E AuthPII : [RequestTokenManager] getToken() -> BAD_AUTHENTICATION. App: com.google.android.gms, Service: oauth2:https://www.googleapis.com/auth/webhistory
04-03 09:06:07.812  3859  9030 E AuthPII : bhdt: Long live credential not available.
04-03 09:06:07.812  3859  9030 E AuthPII : 	at ahfp.a(:com.google.android.gms@261133035@26.11.33 (260400-887465546):1347)
04-03 09:06:07.812  3859  9030 E AuthPII : 	at ahfw.b(:com.google.android.gms@261133035@26.11.33 (260400-887465546):26)
04-03 09:06:07.812  3859  9030 E AuthPII : 	at ahfu.a(:com.google.android.gms@261133035@26.11.33 (260400-887465546):738)
