04-03 09:06:07.812  3859  9030 E AuthPII : 	at ahft.b(:com.google.android.gms@261133035@26.11.33 (260400-887465546):145)
04-03 09:06:07.812  3859  9030 E AuthPII : 	at aalp.d(:com.google.android.gms@261133035@26.11.33 (260400-887465546):107)
04-03 09:06:07.812  3859  9030 E AuthPII : 	at aght.a(:com.google.android.gms@261133035@26.11.33 (260400-887465546):33)
04-03 09:06:07.812  3859  9030 E AuthPII : 	at aghz.m(:com.google.android.gms@261133035@26.11.33 (260400-887465546):34)
04-03 09:06:07.812  3859  9030 E AuthPII : 	at aghz.o(:com.google.android.gms@261133035@26.11.33 (260400-887465546):64)
04-03 09:06:07.812  3859  9030 E AuthPII : 	at aghz.h(:com.google.android.gms@261133035@26.11.33 (260400-887465546):4)
04-03 09:06:07.812  3859  9030 E AuthPII : 	at agxp.d(:com.google.android.gms@261133035@26.11.33 (260400-887465546):42)
04-03 09:06:07.812  3859  9030 E AuthPII : 	at agxp.b(:com.google.android.gms@261133035@26.11.33 (260400-887465546):6)
04-03 09:06:07.812  3859  9030 E AuthPII : 	at fazp.a(:com.google.android.gms@261133035@26.11.33 (260400-887465546):26)
04-03 09:06:07.812  3859  9030 E AuthPII : 	at fayv.a(:com.google.android.gms@261133035@26.11.33 (260400-887465546):59)
04-03 09:06:07.812  3859  9030 E AuthPII : 	at hggs.d(:com.google.android.gms@261133035@26.11.33 (260400-887465546):3)
04-03 09:06:07.812  3859  9030 E AuthPII : 	at hggu.run(:com.google.android.gms@261133035@26.11.33 (260400-887465546):38)
04-03 09:06:07.812  3859  9030 E AuthPII : 	at hgig.execute(:com.google.android.gms@261133035@26.11.33 (260400-887465546):1)
04-03 09:06:07.812  3859  9030 E AuthPII : 	at hgjo.hy(:com.google.android.gms@261133035@26.11.33 (260400-887465546):6)
04-03 09:06:07.812  3859  9030 E AuthPII : 	at hgiu.hy(:com.google.android.gms@261133035@26.11.33 (260400-887465546):3)
04-03 09:06:07.812  3859  9030 E AuthPII : 	at hggu.g(:com.google.android.gms@261133035@26.11.33 (260400-887465546):10)
04-03 09:06:07.812  3859  9030 E AuthPII : 	at fayu.a(:com.google.android.gms@261133035@26.11.33 (260400-887465546):20)
04-03 09:06:07.812  3859  9030 E AuthPII : 	at hgin.a(:com.google.android.gms@261133035@26.11.33 (260400-887465546):20)
04-03 09:06:07.812  3859  9030 E AuthPII : 	at hgkr.a(:com.google.android.gms@261133035@26.11.33 (260400-887465546):3)
04-03 09:06:07.812  3859  9030 E AuthPII : 	at hgjs.run(:com.google.android.gms@261133035@26.11.33 (260400-887465546):19)
04-03 09:06:07.812  3859  9030 E AuthPII : 	at hgkt.run(:com.google.android.gms@261133035@26.11.33 (260400-887465546):5)
04-03 09:06:07.812  3859  9030 E AuthPII : 	at hgip.run(:com.google.android.gms@261133035@26.11.33 (260400-887465546):53)
04-03 09:06:07.812  3859  9030 E AuthPII : 	at hgig.execute(:com.google.android.gms@261133035@26.11.33 (260400-887465546):1)
04-03 09:06:07.812  3859  9030 E AuthPII : 	at hgip.execute(:com.google.android.gms@261133035@26.11.33 (260400-887465546):76)
04-03 09:06:07.812  3859  9030 E AuthPII : 	at hggh.f(:com.google.android.gms@261133035@26.11.33 (260400-887465546):1)
04-03 09:06:07.812  3859  9030 E AuthPII : 	at hggh.hy(:com.google.android.gms@261133035@26.11.33 (260400-887465546):41)
04-03 09:06:07.812  3859  9030 E AuthPII : 	at hgir.b(:com.google.android.gms@261133035@26.11.33 (260400-887465546):33)
04-03 09:06:07.812  3859  9030 E AuthPII : 	at fazg.a(:com.google.android.gms@261133035@26.11.33 (260400-887465546):10)
04-03 09:06:07.812  3859  9030 E AuthPII : 	at fayd.a(:com.google.android.gms@261133035@26.11.33 (260400-887465546):3)
04-03 09:06:07.812  3859  9030 E AuthPII : 	at faww.c(:com.google.android.gms@261133035@26.11.33 (260400-887465546):9)
04-03 09:06:07.812  3859  9030 E AuthPII : 	at faxt.b(:com.google.android.gms@261133035@26.11.33 (260400-887465546):81)
04-03 09:06:07.812  3859  9030 E AuthPII : 	at fawj.b(:com.google.android.gms@261133035@26.11.33 (260400-887465546):614)
04-03 09:06:07.812  3859  9030 E AuthPII : 	at fawb.n(:com.google.android.gms@261133035@26.11.33 (260400-887465546):395)
04-03 09:06:07.812  3859  9030 E AuthPII : 	at fawb.n(:com.google.android.gms@261133035@26.11.33 (260400-887465546):74)
04-03 09:06:07.812  3859  9030 E AuthPII : 	at fawb.l(:com.google.android.gms@261133035@26.11.33 (260400-887465546):159)
04-03 09:06:07.812  3859  9030 E AuthPII : 	at fawb.p(:com.google.android.gms@261133035@26.11.33 (260400-887465546):50)
04-03 09:06:07.812  3859  9030 E AuthPII : 	at fawb.d(:com.google.android.gms@261133035@26.11.33 (260400-887465546):1452)
04-03 09:06:07.812  3859  9030 E AuthPII : 	at favt.kc(:com.google.android.gms@261133035@26.11.33 (260400-887465546):9)
04-03 09:06:07.812  3859  9030 E AuthPII : 	at hgiz.run(:com.google.android.gms@261133035@26.11.33 (260400-887465546):29)
04-03 09:06:07.812  3859  9030 E AuthPII : 	at bikd.c(:com.google.android.gms@261133035@26.11.33 (260400-887465546):50)
04-03 09:06:07.812  3859  9030 E AuthPII : 	at bikd.run(:com.google.android.gms@261133035@26.11.33 (260400-887465546):92)
04-03 09:06:07.812  3859  9030 E AuthPII : 	at java.util.concurrent.ThreadPoolExecutor.runWorker(ThreadPoolExecutor.java:1154)
04-03 09:06:07.812  3859  9030 E AuthPII : 	at java.util.concurrent.ThreadPoolExecutor$Worker.run(ThreadPoolExecutor.java:652)
04-03 09:06:07.812  3859  9030 E AuthPII : 	at bipu.run(:com.google.android.gms@261133035@26.11.33 (260400-887465546):8)
04-03 09:06:07.812  3859  9030 E AuthPII : 	at java.lang.Thread.run(Thread.java:1564)
04-03 09:06:07.812  3859  9030 E AuthPII : Message is Long live credential not available.
04-03 09:06:07.812  3859  9030 E AuthPII : bhdt: Long live credential not available.
04-03 09:06:07.812  3859  9030 E AuthPII : 	at ahfp.a(:com.google.android.gms@261133035@26.11.33 (260400-887465546):1347)
04-03 09:06:07.812  3859  9030 E AuthPII : 	at ahfw.b(:com.google.android.gms@261133035@26.11.33 (260400-887465546):26)
04-03 09:06:07.812  3859  9030 E AuthPII : 	at ahfu.a(:com.google.android.gms@261133035@26.11.33 (260400-887465546):738)
04-03 09:06:07.812  3859  9030 E AuthPII : 	at ahft.b(:com.google.android.gms@261133035@26.11.33 (260400-887465546):145)
04-03 09:06:07.812  3859  9030 E AuthPII : 	at aalp.d(:com.google.android.gms@261133035@26.11.33 (260400-887465546):107)
04-03 09:06:07.812  3859  9030 E AuthPII : 	at aght.a(:com.google.android.gms@261133035@26.11.33 (260400-887465546):33)
04-03 09:06:07.812  3859  9030 E AuthPII : 	at aghz.m(:com.google.android.gms@261133035@26.11.33 (260400-887465546):34)
04-03 09:06:07.812  3859  9030 E AuthPII : 	at aghz.o(:com.google.android.gms@261133035@26.11.33 (260400-887465546):64)
04-03 09:06:07.812  3859  9030 E AuthPII : 	at aghz.h(:com.google.android.gms@261133035@26.11.33 (260400-887465546):4)
04-03 09:06:07.812  3859  9030 E AuthPII : 	at agxp.d(:com.google.android.gms@261133035@26.11.33 (260400-887465546):42)
04-03 09:06:07.812  3859  9030 E AuthPII : 	at agxp.b(:com.google.android.gms@261133035@26.11.33 (260400-887465546):6)
04-03 09:06:07.812  3859  9030 E AuthPII : 	at fazp.a(:com.google.android.gms@261133035@26.11.33 (260400-887465546):26)
04-03 09:06:07.812  3859  9030 E AuthPII : 	at fayv.a(:com.google.android.gms@261133035@26.11.33 (260400-887465546):59)
04-03 09:06:07.812  3859  9030 E AuthPII : 	at hggs.d(:com.google.android.gms@261133035@26.11.33 (260400-887465546):3)
04-03 09:06:07.812  3859  9030 E AuthPII : 	at hggu.run(:com.google.android.gms@261133035@26.11.33 (260400-887465546):38)
04-03 09:06:07.812  3859  9030 E AuthPII : 	at hgig.execute(:com.google.android.gms@261133035@26.11.33 (260400-887465546):1)
04-03 09:06:07.812  3859  9030 E AuthPII : 	at hgjo.hy(:com.google.android.gms@261133035@26.11.33 (260400-887465546):6)
04-03 09:06:07.812  3859  9030 E AuthPII : 	at hgiu.hy(:com.google.android.gms@261133035@26.11.33 (260400-887465546):3)
04-03 09:06:07.812  3859  9030 E AuthPII : 	at hggu.g(:com.google.android.gms@261133035@26.11.33 (260400-887465546):10)
04-03 09:06:07.812  3859  9030 E AuthPII : 	at fayu.a(:com.google.android.gms@261133035@26.11.33 (260400-887465546):20)
04-03 09:06:07.812  3859  9030 E AuthPII : 	at hgin.a(:com.google.android.gms@261133035@26.11.33 (260400-887465546):20)
04-03 09:06:07.812  3859  9030 E AuthPII : 	at hgkr.a(:com.google.android.gms@261133035@26.11.33 (260400-887465546):3)
04-03 09:06:07.812  3859  9030 E AuthPII : 	at hgjs.run(:com.google.android.gms@261133035@26.11.33 (260400-887465546):19)
04-03 09:06:07.812  3859  9030 E AuthPII : 	at hgkt.run(:com.google.android.gms@261133035@26.11.33 (260400-887465546):5)
04-03 09:06:07.812  3859  9030 E AuthPII : 	at hgip.run(:com.google.android.gms@261133035@26.11.33 (260400-887465546):53)
04-03 09:06:07.812  3859  9030 E AuthPII : 	at hgig.execute(:com.google.android.gms@261133035@26.11.33 (260400-887465546):1)
04-03 09:06:07.812  3859  9030 E AuthPII : 	at hgip.execute(:com.google.android.gms@261133035@26.11.33 (260400-887465546):76)
04-03 09:06:07.812  3859  9030 E AuthPII : 	at hggh.f(:com.google.android.gms@261133035@26.11.33 (260400-887465546):1)
04-03 09:06:07.812  3859  9030 E AuthPII : 	at hggh.hy(:com.google.android.gms@261133035@26.11.33 (260400-887465546):41)
04-03 09:06:07.812  3859  9030 E AuthPII : 	at hgir.b(:com.google.android.gms@261133035@26.11.33 (260400-887465546):33)
04-03 09:06:07.812  3859  9030 E AuthPII : 	at fazg.a(:com.google.android.gms@261133035@26.11.33 (260400-887465546):10)
04-03 09:06:07.812  3859  9030 E AuthPII : 	at fayd.a(:com.google.android.gms@261133035@26.11.33 (260400-887465546):3)
04-03 09:06:07.812  3859  9030 E AuthPII : 	at faww.c(:com.google.android.gms@261133035@26.11.33 (260400-887465546):9)
04-03 09:06:07.812  3859  9030 E AuthPII : 	at faxt.b(:com.google.android.gms@261133035@26.11.33 (260400-887465546):81)
04-03 09:06:07.812  3859  9030 E AuthPII : 	at fawj.b(:com.google.android.gms@261133035@26.11.33 (260400-887465546):614)
04-03 09:06:07.812  3859  9030 E AuthPII : 	at fawb.n(:com.google.android.gms@261133035@26.11.33 (260400-887465546):395)
04-03 09:06:07.812  3859  9030 E AuthPII : 	at fawb.n(:com.google.android.gms@261133035@26.11.33 (260400-887465546):74)
04-03 09:06:07.812  3859  9030 E AuthPII : 	at fawb.l(:com.google.android.gms@261133035@26.11.33 (260400-887465546):159)
04-03 09:06:07.812  3859  9030 E AuthPII : 	at fawb.p(:com.google.android.gms@261133035@26.11.33 (260400-887465546):50)
04-03 09:06:07.812  3859  9030 E AuthPII : 	at fawb.d(:com.google.android.gms@261133035@26.11.33 (260400-887465546):1452)
04-03 09:06:07.812  3859  9030 E AuthPII : 	at favt.kc(:com.google.android.gms@261133035@26.11.33 (260400-887465546):9)
04-03 09:06:07.812  3859  9030 E AuthPII : 	at hgiz.run(:com.google.android.gms@261133035@26.11.33 (260400-887465546):29)
04-03 09:06:07.812  3859  9030 E AuthPII : 	at bikd.c(:com.google.android.gms@261133035@26.11.33 (260400-887465546):50)
04-03 09:06:07.812  3859  9030 E AuthPII : 	at bikd.run(:com.google.android.gms@261133035@26.11.33 (260400-887465546):92)
04-03 09:06:07.812  3859  9030 E AuthPII : 	at java.util.concurrent.ThreadPoolExecutor.runWorker(ThreadPoolExecutor.java:1154)
04-03 09:06:07.812  3859  9030 E AuthPII : 	at java.util.concurrent.ThreadPoolExecutor$Worker.run(ThreadPoolExecutor.java:652)
04-03 09:06:07.812  3859  9030 E AuthPII : 	at bipu.run(:com.google.android.gms@261133035@26.11.33 (260400-887465546):8)
04-03 09:06:07.812  3859  9030 E AuthPII : 	at java.lang.Thread.run(Thread.java:1564)
04-03 09:06:07.812  8906  8914 I artd    : GetBestInfo: vdex next to the dex file (/data/user/0/com.miniclip.minifootball/cache/oat/arm64/google_api_resources_lib.vdex) is kOatUpToDate with filter 'verify' executable 'false'
04-03 09:06:07.814  8906  8914 I artd    : GetBestInfo: vdex next to the dex file (/data/user/0/com.miniclip.minifootball/cache/oat/arm64/app_resources_lib.vdex) is kOatUpToDate with filter 'verify' executable 'false'
04-03 09:06:07.843  3859  9030 I Auth    : (REDACTED) [GetToken] GetToken failed for app=%s with userRecoverable status: %s 
04-03 09:06:07.850  3859  9030 W Auth    : [ChimeraGetToken] exception while trying to fetch auth tokens for app=com.google.android.gms, scope=oauth2:https://www.googleapis.com/auth/webhistory [CONTEXT service_id=153 ]
04-03 09:06:07.850  3859  9030 W Auth    : ahfo: GetToken failed with status code and recovery intent: BadAuthentication
04-03 09:06:07.850  3859  9030 W Auth    : 	at ahft.b(:com.google.android.gms@261133035@26.11.33 (260400-887465546):342)
04-03 09:06:07.850  3859  9030 W Auth    : 	at aalp.d(:com.google.android.gms@261133035@26.11.33 (260400-887465546):107)
04-03 09:06:07.850  3859  9030 W Auth    : 	at aght.a(:com.google.android.gms@261133035@26.11.33 (260400-887465546):33)
04-03 09:06:07.850  3859  9030 W Auth    : 	at aghz.m(:com.google.android.gms@261133035@26.11.33 (260400-887465546):34)
04-03 09:06:07.850  3859  9030 W Auth    : 	at aghz.o(:com.google.android.gms@261133035@26.11.33 (260400-887465546):64)
04-03 09:06:07.850  3859  9030 W Auth    : 	at aghz.h(:com.google.android.gms@261133035@26.11.33 (260400-887465546):4)
04-03 09:06:07.850  3859  9030 W Auth    : 	at agxp.d(:com.google.android.gms@261133035@26.11.33 (260400-887465546):42)
04-03 09:06:07.850  3859  9030 W Auth    : 	at agxp.b(:com.google.android.gms@261133035@26.11.33 (260400-887465546):6)
04-03 09:06:07.850  3859  9030 W Auth    : 	at fazp.a(:com.google.android.gms@261133035@26.11.33 (260400-887465546):26)
04-03 09:06:07.850  3859  9030 W Auth    : 	at fayv.a(:com.google.android.gms@261133035@26.11.33 (260400-887465546):59)
04-03 09:06:07.850  3859  9030 W Auth    : 	at hggs.d(:com.google.android.gms@261133035@26.11.33 (260400-887465546):3)
04-03 09:06:07.850  3859  9030 W Auth    : 	at hggu.run(:com.google.android.gms@261133035@26.11.33 (260400-887465546):38)
04-03 09:06:07.850  3859  9030 W Auth    : 	at hgig.execute(:com.google.android.gms@261133035@26.11.33 (260400-887465546):1)
04-03 09:06:07.850  3859  9030 W Auth    : 	at hgjo.hy(:com.google.android.gms@261133035@26.11.33 (260400-887465546):6)
04-03 09:06:07.850  3859  9030 W Auth    : 	at hgiu.hy(:com.google.android.gms@261133035@26.11.33 (260400-887465546):3)
04-03 09:06:07.850  3859  9030 W Auth    : 	at hggu.g(:com.google.android.gms@261133035@26.11.33 (260400-887465546):10)
04-03 09:06:07.850  3859  9030 W Auth    : 	at fayu.a(:com.google.android.gms@261133035@26.11.33 (260400-887465546):20)
04-03 09:06:07.850  3859  9030 W Auth    : 	at hgin.a(:com.google.android.gms@261133035@26.11.33 (260400-887465546):20)
04-03 09:06:07.850  3859  9030 W Auth    : 	at hgkr.a(:com.google.android.gms@261133035@26.11.33 (260400-887465546):3)
04-03 09:06:07.850  3859  9030 W Auth    : 	at hgjs.run(:com.google.android.gms@261133035@26.11.33 (260400-887465546):19)
04-03 09:06:07.850  3859  9030 W Auth    : 	at hgkt.run(:com.google.android.gms@261133035@26.11.33 (260400-887465546):5)
04-03 09:06:07.850  3859  9030 W Auth    : 	at hgip.run(:com.google.android.gms@261133035@26.11.33 (260400-887465546):53)
04-03 09:06:07.850  3859  9030 W Auth    : 	at hgig.execute(:com.google.android.gms@261133035@26.11.33 (260400-887465546):1)
04-03 09:06:07.850  3859  9030 W Auth    : 	at hgip.execute(:com.google.android.gms@261133035@26.11.33 (260400-887465546):76)
04-03 09:06:07.850  3859  9030 W Auth    : 	at hggh.f(:com.google.android.gms@261133035@26.11.33 (260400-887465546):1)
04-03 09:06:07.850  3859  9030 W Auth    : 	at hggh.hy(:com.google.android.gms@261133035@26.11.33 (260400-887465546):41)
04-03 09:06:07.850  3859  9030 W Auth    : 	at hgir.b(:com.google.android.gms@261133035@26.11.33 (260400-887465546):33)
04-03 09:06:07.850  3859  9030 W Auth    : 	at fazg.a(:com.google.android.gms@261133035@26.11.33 (260400-887465546):10)
04-03 09:06:07.850  3859  9030 W Auth    : 	at fayd.a(:com.google.android.gms@261133035@26.11.33 (260400-887465546):3)
04-03 09:06:07.850  3859  9030 W Auth    : 	at faww.c(:com.google.android.gms@261133035@26.11.33 (260400-887465546):9)
04-03 09:06:07.850  3859  9030 W Auth    : 	at faxt.b(:com.google.android.gms@261133035@26.11.33 (260400-887465546):81)
04-03 09:06:07.850  3859  9030 W Auth    : 	at fawj.b(:com.google.android.gms@261133035@26.11.33 (260400-887465546):614)
04-03 09:06:07.850  3859  9030 W Auth    : 	at fawb.n(:com.google.android.gms@261133035@26.11.33 (260400-887465546):395)
04-03 09:06:07.850  3859  9030 W Auth    : 	at fawb.n(:com.google.android.gms@261133035@26.11.33 (260400-887465546):74)
04-03 09:06:07.850  3859  9030 W Auth    : 	at fawb.l(:com.google.android.gms@261133035@26.11.33 (260400-887465546):159)
04-03 09:06:07.850  3859  9030 W Auth    : 	at fawb.p(:com.google.android.gms@261133035@26.11.33 (260400-887465546):50)
04-03 09:06:07.850  3859  9030 W Auth    : 	at fawb.d(:com.google.android.gms@261133035@26.11.33 (260400-887465546):1452)
04-03 09:06:07.850  3859  9030 W Auth    : 	at favt.kc(:com.google.android.gms@261133035@26.11.33 (260400-887465546):9)
04-03 09:06:07.850  3859  9030 W Auth    : 	at hgiz.run(:com.google.android.gms@261133035@26.11.33 (260400-887465546):29)
04-03 09:06:07.850  3859  9030 W Auth    : 	at bikd.c(:com.google.android.gms@261133035@26.11.33 (260400-887465546):50)
04-03 09:06:07.850  3859  9030 W Auth    : 	at bikd.run(:com.google.android.gms@261133035@26.11.33 (260400-887465546):92)
04-03 09:06:07.850  3859  9030 W Auth    : 	at java.util.concurrent.ThreadPoolExecutor.runWorker(ThreadPoolExecutor.java:1154)
04-03 09:06:07.850  3859  9030 W Auth    : 	at java.util.concurrent.ThreadPoolExecutor$Worker.run(ThreadPoolExecutor.java:652)
04-03 09:06:07.850  3859  9030 W Auth    : 	at bipu.run(:com.google.android.gms@261133035@26.11.33 (260400-887465546):8)
04-03 09:06:07.850  3859  9030 W Auth    : 	at java.lang.Thread.run(Thread.java:1564)
04-03 09:06:07.854  8205  8272 D nativeloader: Load /data/app/~~H0wuFXxurwXn36Xwd20UZw==/com.google.android.gms-kWyNJoRXHqxmoZgAS-CV9w==/base.apk!/lib/arm64-v8a/libleveldbjni.so using class loader ns clns-9 (caller=/data/app/~~H0wuFXxurwXn36Xwd20UZw==/com.google.android.gms-kWyNJoRXHqxmoZgAS-CV9w==/base.apk): ok
04-03 09:06:07.854  3859  9030 W Auth    : [GoogleAuthUtil] [GoogleAuthUtil] error status:BAD_AUTHENTICATION with method:getTokenWithDetails
04-03 09:06:07.855  3859  9030 W SemanticLocation: [GellerSyncMgr] getToken fails - recoverable auth exception [CONTEXT service_id=173 ]
04-03 09:06:07.855  3859  9030 W SemanticLocation: com.google.android.gms.auth.UserRecoverableAuthException: BadAuthentication
04-03 09:06:07.855  3859  9030 W SemanticLocation: 	at aghz.l(:com.google.android.gms@261133035@26.11.33 (260400-887465546):34)
04-03 09:06:07.855  3859  9030 W SemanticLocation: 	at aght.a(:com.google.android.gms@261133035@26.11.33 (260400-887465546):122)
04-03 09:06:07.855  3859  9030 W SemanticLocation: 	at aghz.m(:com.google.android.gms@261133035@26.11.33 (260400-887465546):34)
04-03 09:06:07.855  3859  9030 W SemanticLocation: 	at aghz.o(:com.google.android.gms@261133035@26.11.33 (260400-887465546):64)
04-03 09:06:07.855  3859  9030 W SemanticLocation: 	at aghz.h(:com.google.android.gms@261133035@26.11.33 (260400-887465546):4)
04-03 09:06:07.855  3859  9030 W SemanticLocation: 	at agxp.d(:com.google.android.gms@261133035@26.11.33 (260400-887465546):42)
04-03 09:06:07.855  3859  9030 W SemanticLocation: 	at agxp.b(:com.google.android.gms@261133035@26.11.33 (260400-887465546):6)
04-03 09:06:07.855  3859  9030 W SemanticLocation: 	at fazp.a(:com.google.android.gms@261133035@26.11.33 (260400-887465546):26)
04-03 09:06:07.855  3859  9030 W SemanticLocation: 	at fayv.a(:com.google.android.gms@261133035@26.11.33 (260400-887465546):59)
04-03 09:06:07.855  3859  9030 W SemanticLocation: 	at hggs.d(:com.google.android.gms@261133035@26.11.33 (260400-887465546):3)
04-03 09:06:07.855  3859  9030 W SemanticLocation: 	at hggu.run(:com.google.android.gms@261133035@26.11.33 (260400-887465546):38)
04-03 09:06:07.855  3859  9030 W SemanticLocation: 	at hgig.execute(:com.google.android.gms@261133035@26.11.33 (260400-887465546):1)
04-03 09:06:07.855  3859  9030 W SemanticLocation: 	at hgjo.hy(:com.google.android.gms@261133035@26.11.33 (260400-887465546):6)
04-03 09:06:07.855  3859  9030 W SemanticLocation: 	at hgiu.hy(:com.google.android.gms@261133035@26.11.33 (260400-887465546):3)
04-03 09:06:07.855  3859  9030 W SemanticLocation: 	at hggu.g(:com.google.android.gms@261133035@26.11.33 (260400-887465546):10)
04-03 09:06:07.855  3859  9030 W SemanticLocation: 	at fayu.a(:com.google.android.gms@261133035@26.11.33 (260400-887465546):20)
04-03 09:06:07.855  3859  9030 W SemanticLocation: 	at hgin.a(:com.google.android.gms@261133035@26.11.33 (260400-887465546):20)
04-03 09:06:07.855  3859  9030 W SemanticLocation: 	at hgkr.a(:com.google.android.gms@261133035@26.11.33 (260400-887465546):3)
04-03 09:06:07.855  3859  9030 W SemanticLocation: 	at hgjs.run(:com.google.android.gms@261133035@26.11.33 (260400-887465546):19)
04-03 09:06:07.855  3859  9030 W SemanticLocation: 	at hgkt.run(:com.google.android.gms@261133035@26.11.33 (260400-887465546):5)
04-03 09:06:07.855  3859  9030 W SemanticLocation: 	at hgip.run(:com.google.android.gms@261133035@26.11.33 (260400-887465546):53)
04-03 09:06:07.855  3859  9030 W SemanticLocation: 	at hgig.execute(:com.google.android.gms@261133035@26.11.33 (260400-887465546):1)
04-03 09:06:07.855  3859  9030 W SemanticLocation: 	at hgip.execute(:com.google.android.gms@261133035@26.11.33 (260400-887465546):76)
04-03 09:06:07.855  3859  9030 W SemanticLocation: 	at hggh.f(:com.google.android.gms@261133035@26.11.33 (260400-887465546):1)
04-03 09:06:07.855  3859  9030 W SemanticLocation: 	at hggh.hy(:com.google.android.gms@261133035@26.11.33 (260400-887465546):41)
04-03 09:06:07.855  3859  9030 W SemanticLocation: 	at hgir.b(:com.google.android.gms@261133035@26.11.33 (260400-887465546):33)
04-03 09:06:07.855  3859  9030 W SemanticLocation: 	at fazg.a(:com.google.android.gms@261133035@26.11.33 (260400-887465546):10)
04-03 09:06:07.855  3859  9030 W SemanticLocation: 	at fayd.a(:com.google.android.gms@261133035@26.11.33 (260400-887465546):3)
04-03 09:06:07.855  3859  9030 W SemanticLocation: 	at faww.c(:com.google.android.gms@261133035@26.11.33 (260400-887465546):9)
04-03 09:06:07.855  3859  9030 W SemanticLocation: 	at faxt.b(:com.google.android.gms@261133035@26.11.33 (260400-887465546):81)
04-03 09:06:07.855  3859  9030 W SemanticLocation: 	at fawj.b(:com.google.android.gms@261133035@26.11.33 (260400-887465546):614)
04-03 09:06:07.855  3859  9030 W SemanticLocation: 	at fawb.n(:com.google.android.gms@261133035@26.11.33 (260400-887465546):395)
04-03 09:06:07.855  3859  9030 W SemanticLocation: 	at fawb.n(:com.google.android.gms@261133035@26.11.33 (260400-887465546):74)
04-03 09:06:07.855  3859  9030 W SemanticLocation: 	at fawb.l(:com.google.android.gms@261133035@26.11.33 (260400-887465546):159)
04-03 09:06:07.855  3859  9030 W SemanticLocation: 	at fawb.p(:com.google.android.gms@261133035@26.11.33 (260400-887465546):50)
04-03 09:06:07.855  3859  9030 W SemanticLocation: 	at fawb.d(:com.google.android.gms@261133035@26.11.33 (260400-887465546):1452)
04-03 09:06:07.855  3859  9030 W SemanticLocation: 	at favt.kc(:com.google.android.gms@261133035@26.11.33 (260400-887465546):9)
04-03 09:06:07.855  3859  9030 W SemanticLocation: 	at hgiz.run(:com.google.android.gms@261133035@26.11.33 (260400-887465546):29)
04-03 09:06:07.855  3859  9030 W SemanticLocation: 	at bikd.c(:com.google.android.gms@261133035@26.11.33 (260400-887465546):50)
04-03 09:06:07.855  3859  9030 W SemanticLocation: 	at bikd.run(:com.google.android.gms@261133035@26.11.33 (260400-887465546):92)
04-03 09:06:07.855  3859  9030 W SemanticLocation: 	at java.util.concurrent.ThreadPoolExecutor.runWorker(ThreadPoolExecutor.java:1154)
04-03 09:06:07.855  3859  9030 W SemanticLocation: 	at java.util.concurrent.ThreadPoolExecutor$Worker.run(ThreadPoolExecutor.java:652)
04-03 09:06:07.855  3859  9030 W SemanticLocation: 	at bipu.run(:com.google.android.gms@261133035@26.11.33 (260400-887465546):8)
04-03 09:06:07.855  3859  9030 W SemanticLocation: 	at java.lang.Thread.run(Thread.java:1564)
04-03 09:06:07.879  2135  9281 W PackageManager: Missing required system package: com.inmobi.weather, but found with extended search.
04-03 09:06:07.942  2135  9281 W PackageManager: Missing required system package: com.tripledot.ginrummy, but found with extended search.
04-03 09:06:07.946  8906  8914 I artd    : GetBestInfo: vdex next to the dex file (/data/app/~~GqZDAtc6-RMAbHYZqbIuHg==/com.YourCompany.Learning-xh5v25HpJhCgmv17mK4g0A==/oat/arm64/base.vdex) is kOatUpToDate with filter 'verify' executable 'false'
04-03 09:06:08.007  8906  8916 I artd    : GetBestInfo: odex next to the dex file (/data/app/~~7r-u4sVoVhBeTF7dyk9Tlg==/com.google.android.partnersetup-ff1e4Lox0PXzN6fG90lVQA==/oat/arm64/base.odex) is kOatBootImageOutOfDate with filter 'speed-profile' executable 'false': Image checksum mismatch, expected i;19/52feb486:i;30/ca6601bf to start with i;19/17c76533
04-03 09:06:08.008  8906  8916 I artd    : GetBestInfo: vdex next to the dex file (/data/app/~~7r-u4sVoVhBeTF7dyk9Tlg==/com.google.android.partnersetup-ff1e4Lox0PXzN6fG90lVQA==/oat/arm64/base.vdex) is kOatUpToDate with filter 'verify' executable 'false'
04-03 09:06:08.027  2135  2196 W PackageManager: Missing required system package: com.YourCompany.AAA_DEV, but found with extended search.
04-03 09:06:08.047  2135  4298 W PackageManager: Missing required system package: com.maazm7d.termuxhub, but found with extended search.
04-03 09:06:08.098  2135  4298 W PackageManager: Missing required system package: com.easybrain.color.sort.puzzle, but found with extended search.
04-03 09:06:08.104  3859  9866 I NetworkScheduler.Stats: (REDACTED) Task %s/%s started execution. cause:%s exec_start_elapsed_seconds: %s
04-03 09:06:08.128  2135  4298 W PackageManager: Missing required system package: com.google.android.apps.adm, but found with extended search.
04-03 09:06:08.158  8906  8916 I artd    : GetBestInfo: odex next to the dex file (/data/app/~~_IeSJ5WrAaoM4N-BhbXvOA==/com.google.android.as-mGUQMx6oktRpunvDSDRe0w==/oat/arm64/base.odex) is kOatBootImageOutOfDate with filter 'speed-profile' executable 'false': Image checksum mismatch, expected i;19/52feb486:i;30/ca6601bf to start with i;19/17c76533
04-03 09:06:08.160  8906  8916 I artd    : GetBestInfo: vdex next to the dex file (/data/app/~~_IeSJ5WrAaoM4N-BhbXvOA==/com.google.android.as-mGUQMx6oktRpunvDSDRe0w==/oat/arm64/base.vdex) is kOatUpToDate with filter 'verify' executable 'false'
04-03 09:06:08.171  8205 10195 I LocationHistory: (REDACTED) [SqliteTransientDB] I/O operation %s succeeded.
04-03 09:06:08.184  8205  8231 I PlayGamesServices[GamesSyncAdapter]: Starting sync for 90ce3423
04-03 09:06:08.189  8205  8231 I PlayGamesServices[GamesSyncAdapter]: Sync duration for 90ce3423: 4
04-03 09:06:08.195  3859  9853 I NetworkScheduler.Stats: (REDACTED) Task %s/%s started execution. cause:%s exec_start_elapsed_seconds: %s
04-03 09:06:08.199  8205  8272 I PlayGamesServices[GamesSyncAdapter]: Starting sync for 42b58f0b
04-03 09:06:08.203  8205  8272 I PlayGamesServices[GamesSyncAdapter]: Sync duration for 42b58f0b: 3
04-03 09:06:08.203  8906  8914 I artd    : GetBestInfo: odex next to the dex file (/data/app/~~joMjTbQX6g8jqKwx0bbXsw==/com.google.android.tts-nlILciGeZMSXgK7O7mvSug==/oat/arm64/base.odex) is kOatBootImageOutOfDate with filter 'speed-profile' executable 'false': Image checksum mismatch, expected i;19/52feb486:i;30/ca6601bf to start with i;19/17c76533
04-03 09:06:08.208  8906  8914 I artd    : GetBestInfo: vdex next to the dex file (/data/app/~~joMjTbQX6g8jqKwx0bbXsw==/com.google.android.tts-nlILciGeZMSXgK7O7mvSug==/oat/arm64/base.vdex) is kOatUpToDate with filter 'verify' executable 'false'
04-03 09:06:08.252  8906  8916 I artd    : GetBestInfo: odex next to the dex file (/data/app/~~MQIHLa_n0974oGfwzO8MHQ==/com.easybrain.block.puzzle.games-3u7vq64vGN6SY-cVek5rEA==/oat/arm64/base.odex) is kOatBootImageOutOfDate with filter 'speed-profile' executable 'false': Image checksum mismatch, expected i;19/52feb486:i;30/ca6601bf to start with i;19/17c76533
04-03 09:06:08.254  2135  3180 D WifiStaIfaceHidlImpl: getCachedScanData is not implemented by HIDL
04-03 09:06:08.257  8906  8916 I artd    : GetBestInfo: vdex next to the dex file (/data/app/~~MQIHLa_n0974oGfwzO8MHQ==/com.easybrain.block.puzzle.games-3u7vq64vGN6SY-cVek5rEA==/oat/arm64/base.vdex) is kOatUpToDate with filter 'verify' executable 'false'
04-03 09:06:08.263  2135  3180 I HalDevMgr: bestIfaceCreationProposal is null, requestIface=STA, existingIface=[name=wlan0 type=STA]
04-03 09:06:08.280  2135  9281 W PackageManager: Missing required system package: com.snapchat.android, but found with extended search.
04-03 09:06:08.286   841   841 I lowmemorykiller: Kill 'com.android.vending' (9654), uid 1010215, oom_score_adj 915 to free 90552kB rss, 86424kB swap; reason: kswapd is busy and watermark low
04-03 09:06:08.292 10159 10189 I LevelLoader: [INFO] Loaded 4009 entities from v7.3 level
04-03 09:06:08.293 10159 10189 I LevelManager: [INFO] Level data loaded: levelone (1024 entities)
04-03 09:06:08.293 10159 10189 I LevelManager: [INFO] Level visible: levelone
04-03 09:06:08.293 10159 10189 I LevelManager: [INFO] Level loaded: levelone
04-03 09:06:08.293 10159 10189 I LevelManager: [INFO] Registered level: leveltwo (type: 1, path: Assets/levels/leveltwo.json)
04-03 09:06:08.293 10159 10189 I LevelManager: [INFO] Loaded 6 level definitions from data/LevelDefinitions.json
04-03 09:06:08.293 10159 10189 I LevelSystem: [INFO] level definitions loaded successfully
04-03 09:06:08.293 10159 10189 I LevelManager: [INFO] === Level System Info ===
04-03 09:06:08.293 10159 10189 I LevelManager: [INFO] Total levels: 6
04-03 09:06:08.293 10159 10189 I LevelManager: [INFO] Streaming enabled: yes
04-03 09:06:08.293 10159 10189 I LevelManager: [INFO]   [0] MainMenu - State: 0, Entities: 0
04-03 09:06:08.293 10159 10189 I LevelManager: [INFO]   [1] Scene - State: 0, Entities: 0
04-03 09:06:08.293 10159 10189 I LevelManager: [INFO]   [2] FPS_Arena - State: 0, Entities: 0
04-03 09:06:08.293 10159 10189 I LevelManager: [INFO]   [3] RacingTrack - State: 0, Entities: 0
04-03 09:06:08.293 10159 10189 I LevelManager: [INFO]   [4] levelone - State: 3, Entities: 1024
04-03 09:06:08.293 10159 10189 I LevelManager: [INFO]   [5] leveltwo - State: 0, Entities: 0
04-03 09:06:08.293 10159 10189 I GameLogic: [INFO] Logic Plugin Activated
04-03 09:06:08.293 10159 10189 I PhysicsPlugin: [INFO] activated
04-03 09:06:08.293 10159 10189 I VulkanRenderer: [INFO] Renderer Waiting for Native Window...
04-03 09:06:08.293 10159 10189 I SecretEngine_Native: Ô£ô Core Initialized successfully
04-03 09:06:08.293 10159 10189 I AndroidMain: [INFO] Core Initialized - App is running
04-03 09:06:08.293 10159 10189 I SecretEngine_Native: ========================================
04-03 09:06:08.293 10159 10189 I SecretEngine_Native: Entering Main Event Loop
04-03 09:06:08.293 10159 10189 I SecretEngine_Native: App should now be visible and running
04-03 09:06:08.293 10159 10189 I SecretEngine_Native: ========================================
04-03 09:06:08.293 10159 10189 V threaded_app: activityState=10
04-03 09:06:08.293 10159 10189 I SecretEngine_Native: APP_CMD_START: App started
04-03 09:06:08.294 28996 28996 W Finsky  : [2] STU: Failed to get storage stats for package 'com.google.mainline.primary.libs' (1601: Error getting stats: android.content.pm.PackageManager.NameNotFoundException)
04-03 09:06:08.297 10159 10159 V threaded_app: Resume: 0xb40000782d42dec0
04-03 09:06:08.297 10159 10189 V threaded_app: activityState=11
04-03 09:06:08.297 10159 10189 I SecretEngine_Native: APP_CMD_RESUME: App resumed
04-03 09:06:08.326  2135  4298 W PackageManager: Missing required system package: com.meesho.supply, but found with extended search.
04-03 09:06:08.333  8906  8914 I artd    : GetBestInfo: odex next to the dex file (/data/app/~~h1wGQNSHUvvgfkhAfYnU3A==/com.instagram.barcelona-1i9JrEss3YhlyHIjAMx4fQ==/oat/arm64/base.odex) is kOatBootImageOutOfDate with filter 'speed-profile' executable 'false': Image checksum mismatch, expected i;19/52feb486:i;30/ca6601bf to start with i;19/17c76533
04-03 09:06:08.338  8205  8272 W PlayGamesServices[DataBroker]: No player ID found when refreshing
04-03 09:06:08.339  8205  8272 W PlayGamesServices[DataBroker]: No player ID found when refreshing
04-03 09:06:08.340  8205  8272 W PlayGamesServices[DataBroker]: No player ID found when refreshing
04-03 09:06:08.340  8205  8231 W PlayGamesServices[DataBroker]: No player ID found when refreshing
04-03 09:06:08.340  8205  8272 W PlayGamesServices[DataBroker]: No player ID found when refreshing
04-03 09:06:08.341  8205  8272 W PlayGamesServices[DataBroker]: No player ID found when refreshing
04-03 09:06:08.342  8906  8914 I artd    : GetBestInfo: vdex next to the dex file (/data/app/~~h1wGQNSHUvvgfkhAfYnU3A==/com.instagram.barcelona-1i9JrEss3YhlyHIjAMx4fQ==/oat/arm64/base.vdex) is kOatUpToDate with filter 'verify' executable 'false'
04-03 09:06:08.343  8205  8231 W PlayGamesServices[DataBroker]: No player ID found when refreshing
04-03 09:06:08.344  2135  3189 D ConnectivityService: releasing NetworkRequest [ REQUEST id=2109, [ Capabilities: INTERNET&NOT_RESTRICTED&TRUSTED&NOT_VCN_MANAGED&NOT_BANDWIDTH_CONSTRAINED Uid: 1010215 RequestorUid: 1010215 RequestorPkg: com.android.vending UnderlyingNetworks: Null] ] (release request)
04-03 09:06:08.344  2135  4298 I ActivityManager: appDiedLocked: app=ProcessRecord{4523ee0 9654:com.android.vending/u10a215} thread=android.os.BinderProxy@1821b7c fromBinderDied=true isKilledByAm=false reason=null
04-03 09:06:08.345  2135  4298 I ActivityManager: Process com.android.vending (pid 9654) has died: cch+15 CEM 
04-03 09:06:08.346  2135  2507 I libprocessgroup: Removed cgroup /sys/fs/cgroup/uid_1010215/pid_9654
04-03 09:06:08.346  2135  2507 W libprocessgroup: RemoveCgroup: /dev/memcg/apps/uid_1010215/pid_9654 does not exist.
04-03 09:06:08.346  1509  1509 I Zygote  : Process 9654 exited due to signal 9 (Killed)
04-03 09:06:08.348  2135  4298 D ActivityManager: unfreezing ProcessRecord{7a0ffa7 9699:com.android.vending:background/u10a215}, reason = unfreezeTemporarily, adj = 915, adjType = service, adjSource = ProcessRecord{4523ee0 9654:com.android.vending/u10a215}
04-03 09:06:08.349 20649 20649 D BoundBrokerSvc: onUnbind: Intent { act=com.google.android.gms.gmscompliance.service.START dat=chimera-action:/... cmp=com.google.android.gms/.chimera.PersistentBoundBrokerService }
04-03 09:06:08.351  8205  8231 W PlayGamesServices[DataBroker]: No player ID found when refreshing
04-03 09:06:08.352  2135  4298 D ActivityManager: sync unfroze 9699 com.android.vending:background for 27
04-03 09:06:08.352  9726  9726 D BoundBrokerSvc: onUnbind: Intent { act=com.google.android.gms.safetynet.service.START pkg=com.google.android.gms }
04-03 09:06:08.353  8205  9979 W PlayGamesServices[UiUtils]: AppVersion: Cannot find the installed destination app.
04-03 09:06:08.354  8205  8231 W PlayGamesServices[DataBroker]: No player ID found when refreshing
04-03 09:06:08.354  9726  9726 D BoundBrokerSvc: onUnbind: Intent { act=com.google.android.gms.potokens.service.START dat=chimera-action:/... cmp=com.google.android.gms/.chimera.GmsApiService }
04-03 09:06:08.355  8205  9979 W PlayGamesServices[UiUtils]: AppVersionName: Cannot find the installed destination app.
04-03 09:06:08.356  8205  8231 W PlayGamesServices[DataBroker]: No player ID found when refreshing
04-03 09:06:08.357  2135  4298 D RestartModeController: markWaitRestartAppIsSuicided null processName=com.android.vending
04-03 09:06:08.358  2135  4298 D ActivityTaskManager: handleAppDied: uid=1010215,diedCount=1,lastDiedTime=3078189,forceStopUids=false
04-03 09:06:08.359  3859 10196 I NetworkScheduler.Stats: (REDACTED) Task %s/%s finished executing. cause:%s result: %s elapsed_millis: %s uptime_millis: %s exec_start_elapsed_seconds: %s
04-03 09:06:08.361 10159 10159 V threaded_app: InputQueueCreated: 0xb40000782d42dec0 -- 0xb40000784b0cef00
04-03 09:06:08.361 10159 10189 V threaded_app: APP_CMD_INPUT_CHANGED
04-03 09:06:08.361 10159 10189 V threaded_app: Attaching input queue to looper
04-03 09:06:08.364 10159 10159 I Choreographer: Skipped 150 frames!  The application may be doing too much work on its main thread.
04-03 09:06:08.369  2135  3642 D CoreBackPreview: Window{5ca114e u0 com.secretengine.game/com.secretengine.game.MainActivity}: Setting back callback OnBackInvokedCallbackInfo{mCallback=android.window.IOnBackInvokedCallback$Stub$Proxy@339f45a, mPriority=0, mIsAnimationCallback=false}
04-03 09:06:08.371  9699  9699 I Finsky:background: [2] Memory trim requested to level 40
04-03 09:06:08.371  2135  4298 W ActivityManager: pid 9699 com.android.vending:background sent binder code 2 with flags 1 to frozen apps and got error -32
04-03 09:06:08.379  2135  3642 W PackageManager: Missing required system package: com.meecast.casttv, but found with extended search.
04-03 09:06:08.390  1700  1700 I SurfaceFlinger: missed info for app: 10597 disp: 0 total: 14223 rate: 0 %
04-03 09:06:08.376  3859 10196 I NetworkScheduler.Stats: (REDACTED) Task %s/%s finished executing. cause:%s result: %s elapsed_millis: %s uptime_millis: %s exec_start_elapsed_seconds: %s
04-03 09:06:08.394  8205  9979 W PlayGamesServices[UiUtils]: AppVersion: Cannot find the installed destination app.
04-03 09:06:08.394  8205  9979 W PlayGamesServices[UiUtils]: AppVersionName: Cannot find the installed destination app.
04-03 09:06:08.403  9699  9699 I Finsky:background: [2] Memory trim requested to level 40
04-03 09:06:08.406 10159 10159 W libc    : Access denied finding property "vendor.display.enable_optimal_refresh_rate"
04-03 09:06:08.402 10159 10159 W cretengine.game: type=1400 audit(0.0:3688): avc:  denied  { read } for  name="u:object_r:vendor_display_prop:s0" dev="tmpfs" ino=14430 scontext=u:r:untrusted_app:s0:c158,c258,c512,c768 tcontext=u:object_r:vendor_display_prop:s0 tclass=file permissive=0 app=com.secretengine.game
04-03 09:06:08.407 10159 10159 V threaded_app: NativeWindowCreated: 0xb40000782d42dec0 -- 0xb4000078228f3010
04-03 09:06:08.407 10159 10189 V threaded_app: APP_CMD_INIT_WINDOW
04-03 09:06:08.408 10159 10189 I SecretEngine_Native: APP_CMD_INIT_WINDOW: Window is ready
04-03 09:06:08.408 10159 10189 I AndroidMain: [INFO] Window Ready - Initializing Graphics...
04-03 09:06:08.408 10159 10189 I SecretEngine_Native: Renderer plugin found, calling InitializeHardware...
04-03 09:06:08.408 10159 10189 I VulkanRenderer: [INFO] InitializeHardware() called - Starting Vulkan setup
04-03 09:06:08.408 10159 10159 V threaded_app: NativeWindowResized: 0xb40000782d42dec0 -- 0xb4000078228f3010
04-03 09:06:08.408 10159 10189 I VulkanRenderer: [INFO] Ô£ô VulkanDevice allocated
04-03 09:06:08.408 10159 10189 I VulkanDevice: [INFO] Starting Vulkan Initialization...
04-03 09:06:08.410 10159 10159 V threaded_app: ContentRectChanged: l=0,t=0,r=720,b=1600
04-03 09:06:08.413 10159 10159 V threaded_app: NativeWindowRedrawNeeded: 0xb40000782d42dec0 -- 0xb4000078228f3010
04-03 09:06:08.421  2135  9281 W PackageManager: Missing required system package: com.instagram.android, but found with extended search.
04-03 09:06:08.428  3377  3493 D Surface : Surface::disconnect
04-03 09:06:08.428  3377  3493 D BufferQueueProducer: [Splash Screen com.secretengine.game#950(BLAST Consumer)pid:3377](id:d310000003e,api:1,p:3377,c:3377) disconnect: api 1
04-03 09:06:08.435 10159 10159 V threaded_app: WindowFocusChanged: 0xb40000782d42dec0 -- 1
04-03 09:06:08.440  3377  3462 W WindowOnBackDispatcher: sendCancelIfRunning: isInProgress=false callback=android.view.ViewRootImpl$$ExternalSyntheticLambda11@d434962
04-03 09:06:08.440  2135  2343 I MotoPerfManagerService: handleAppStart 10670:com.secretengine.game cold -1 436 305 402 1977
04-03 09:06:08.442  8906  8916 I artd    : GetBestInfo: odex next to the dex file (/data/app/~~c8GKYbkNWBI1_7Xe0sGoUg==/com.confirmtkt.lite-z8kgwxCDLg2oUMpVKX2WXw==/oat/arm64/base.odex) is kOatBootImageOutOfDate with filter 'speed-profile' executable 'false': Image checksum mismatch, expected i;19/52feb486:i;30/ca6601bf to start with i;19/17c76533
04-03 09:06:08.442  1627  1627 I QTI PowerHAL: Power setBoost: 0, duration: 0
04-03 09:06:08.444  2135  2343 I ActivityTaskManager: Displayed com.secretengine.game/.MainActivity for user 0: +1s977ms
04-03 09:06:08.452  8906  8916 I artd    : GetBestInfo: vdex next to the dex file (/data/app/~~c8GKYbkNWBI1_7Xe0sGoUg==/com.confirmtkt.lite-z8kgwxCDLg2oUMpVKX2WXw==/oat/arm64/base.vdex) is kOatUpToDate with filter 'verify' executable 'false'
04-03 09:06:08.455  2135  9281 W InputManager-JNI: Input channel object '8d72e79 Splash Screen com.secretengine.game (client)' was disposed without first being removed with the input manager!
04-03 09:06:08.457 10159 10189 D vulkan  : searching for layers in '/data/app/~~IbZQ7BVnpY7Y_VBB6X2OnQ==/com.secretengine.game-GZqlQ62m8c8GRGIfkOorrg==/lib/arm64'
04-03 09:06:08.457 10159 10189 D vulkan  : searching for layers in '/data/app/~~IbZQ7BVnpY7Y_VBB6X2OnQ==/com.secretengine.game-GZqlQ62m8c8GRGIfkOorrg==/base.apk!/lib/arm64-v8a'
04-03 09:06:08.458  2135  3642 D PowerManagerService: nativeSetPowerMode ret:true mode:5 enabled:false duration ms: 1
04-03 09:06:08.458  8906  8916 I artd    : GetBestInfo: vdex next to the dex file (/data/user/0/com.confirmtkt.lite/app_pccache/5/8C5AE28E06233ED046257CCB628AC34047ABB1F1/oat/arm64/pcam.vdex) is kOatUpToDate with filter 'verify' executable 'false'
04-03 09:06:08.458  1627  1627 I QTI PowerHAL: Power setMode: 5 to: 0
04-03 09:06:08.461  2135  7302 D CoreBackPreview: Window{8d72e79 u0 Splash Screen com.secretengine.game EXITING}: Setting back callback null
04-03 09:06:08.462  8906  8916 I artd    : GetBestInfo: vdex next to the dex file (/data/user/0/com.confirmtkt.lite/app_pccache/5/6E2A190BD4DF56E567C807314532FEF7E6BDBEDC/oat/arm64/pcam.vdex) is kOatUpToDate with filter 'verify' executable 'false'
04-03 09:06:08.464 17479 17549 W MultiSignalANRDetectorLacrima: Moving to background
04-03 09:06:08.479 17479 17479 W BackgroundStartupDetector: bgMode=BACKGROUND
04-03 09:06:08.480  2135  2399 W MotoBatteryCareService: uid: 10670 pkgName:com.secretengine.game come to foreground
04-03 09:06:08.481  2135  9132 D FileUtils: Rounded bytes from 3640991744 to 4000000000
04-03 09:06:08.491  2135  3064 I ImeTracker: com.secretengine.game:7f98af57: onRequestHide at ORIGIN_SERVER reason HIDE_UNSPECIFIED_WINDOW fromUser false
04-03 09:06:08.495  2135  3064 I ImeTracker: com.secretengine.game:7f98af57: onCancelled at PHASE_SERVER_SHOULD_HIDE
04-03 09:06:08.518 10159 10189 I AdrenoVK-0: ===== BEGIN DUMP OF OVERRIDDEN SETTINGS =====
04-03 09:06:08.518 10159 10189 I AdrenoVK-0: ===== END DUMP OF OVERRIDDEN SETTINGS =====
04-03 09:06:08.523  3859  9030 I TFLite-in-PlayServices: Created interpreter.
04-03 09:06:08.526 10159 10189 I AdrenoVK-0: QUALCOMM build          : 923a446bf8, I23d7d7df15
04-03 09:06:08.526 10159 10189 I AdrenoVK-0: Build Date              : 09/05/24
04-03 09:06:08.526 10159 10189 I AdrenoVK-0: Shader Compiler Version : EV031.35.01.12
04-03 09:06:08.526 10159 10189 I AdrenoVK-0: Local Branch            : 
04-03 09:06:08.526 10159 10189 I AdrenoVK-0: Remote Branch           : refs/tags/AU_LINUX_ANDROID_LA.UM.9.14.11.00.00.571.148
04-03 09:06:08.526 10159 10189 I AdrenoVK-0: Remote Branch           : NONE
04-03 09:06:08.526 10159 10189 I AdrenoVK-0: Reconstruct Branch      : NOTHING
04-03 09:06:08.526 10159 10189 I AdrenoVK-0: Build Config            : S P 10.0.7 AArch64
04-03 09:06:08.526 10159 10189 I AdrenoVK-0: Driver Path             : /vendor/lib64/hw/vulkan.adreno.so
04-03 09:06:08.529 10159 10189 I VulkanDevice: [INFO] Adreno (TM) 619
04-03 09:06:08.529 10159 10189 W VulkanDevice: [WARN] Descriptor indexing not available - bindless textures disabled
04-03 09:06:08.529 10159 10189 W VulkanDevice: [WARN] Descriptor indexing not supported; bindless textures disabled
04-03 09:06:08.537 10159 10189 I VulkanDevice: [INFO] Vulkan Hardware fully initialized.
04-03 09:06:08.537 10159 10189 I VulkanRenderer: [INFO] Ô£ô VulkanDevice initialized
04-03 09:06:08.537 10159 10189 I VulkanRenderer: [INFO] Ô£ô Vulkan Surface created successfully
04-03 09:06:08.537 10159 10189 I VulkanRenderer: [INFO] Ô£ô Surface capabilities retrieved
04-03 09:06:08.543  8906  8916 I artd    : GetBestInfo: odex next to the dex file (/data/app/~~MQlQQKdDkeNOaZ0HN2nf_Q==/com.opera.gx-G_riEoeCxwDxpYas2uf9Dg==/oat/arm64/base.odex) is kOatBootImageOutOfDate with filter 'speed-profile' executable 'false': Image checksum mismatch, expected i;19/52feb486:i;30/ca6601bf to start with i;19/17c76533
04-03 09:06:08.545  5334  5334 I GoogleInputMethodService: GoogleInputMethodService.onFinishInput():2159 
04-03 09:06:08.545 10159 10189 E qdgralloc: GetGpuPixelFormat: No map for format: 0x38
04-03 09:06:08.546 10159 10189 E AdrenoUtils: <validate_memory_layout_input_parmas:1970>: Unknown Format 0
04-03 09:06:08.546 10159 10189 E AdrenoUtils: <adreno_init_memory_layout:4720>: Memory Layout input parameter validation failed!
04-03 09:06:08.546 10159 10189 W qdgralloc: GetGpuResourceSizeAndDimensions Graphics metadata init failed
04-03 09:06:08.546 10159 10189 E Gralloc4: isSupported(1, 1, 56, 1, ...) failed with 7
04-03 09:06:08.547  1651  2051 E qdgralloc: GetGpuPixelFormat: No map for format: 0x38
04-03 09:06:08.547  1651  2051 E AdrenoUtils: <validate_memory_layout_input_parmas:1970>: Unknown Format 0
04-03 09:06:08.547  1651  2051 E AdrenoUtils: <adreno_init_memory_layout:4720>: Memory Layout input parameter validation failed!
04-03 09:06:08.547  1651  2051 W qdgralloc: GetGpuResourceSizeAndDimensions Graphics metadata init failed
04-03 09:06:08.547 10159 10189 E GraphicBufferAllocator: Failed to allocate (4 x 4) layerCount 1 format 56 usage b00: 7
04-03 09:06:08.547 10159 10189 E AHardwareBuffer: GraphicBuffer(w=4, h=4, lc=1) failed (Unknown error -7), handle=0x0
04-03 09:06:08.547 10159 10189 E qdgralloc: GetGpuPixelFormat: No map for format: 0x3b
04-03 09:06:08.547 10159 10189 E AdrenoUtils: <validate_memory_layout_input_parmas:1970>: Unknown Format 0
04-03 09:06:08.547 10159 10189 E AdrenoUtils: <adreno_init_memory_layout:4720>: Memory Layout input parameter validation failed!
04-03 09:06:08.547 10159 10189 W qdgralloc: GetGpuResourceSizeAndDimensions Graphics metadata init failed
04-03 09:06:08.547 10159 10189 E Gralloc4: isSupported(1, 1, 59, 1, ...) failed with 7
04-03 09:06:08.547  1651  1651 E qdgralloc: GetGpuPixelFormat: No map for format: 0x3b
04-03 09:06:08.547  1651  1651 E AdrenoUtils: <validate_memory_layout_input_parmas:1970>: Unknown Format 0
04-03 09:06:08.547  1651  1651 E AdrenoUtils: <adreno_init_memory_layout:4720>: Memory Layout input parameter validation failed!
04-03 09:06:08.547  1651  1651 W qdgralloc: GetGpuResourceSizeAndDimensions Graphics metadata init failed
04-03 09:06:08.547 10159 10189 E GraphicBufferAllocator: Failed to allocate (4 x 4) layerCount 1 format 59 usage b00: 7
04-03 09:06:08.547 10159 10189 E AHardwareBuffer: GraphicBuffer(w=4, h=4, lc=1) failed (Unknown error -7), handle=0x0
04-03 09:06:08.547 10159 10189 E qdgralloc: GetGpuPixelFormat: No map for format: 0x38
04-03 09:06:08.547 10159 10189 E AdrenoUtils: <validate_memory_layout_input_parmas:1970>: Unknown Format 0
04-03 09:06:08.547 10159 10189 E AdrenoUtils: <adreno_init_memory_layout:4720>: Memory Layout input parameter validation failed!
04-03 09:06:08.547 10159 10189 W qdgralloc: GetGpuResourceSizeAndDimensions Graphics metadata init failed
04-03 09:06:08.547 10159 10189 E Gralloc4: isSupported(1, 1, 56, 1, ...) failed with 7
04-03 09:06:08.548  1651  1704 E qdgralloc: GetGpuPixelFormat: No map for format: 0x38
04-03 09:06:08.548  1651  1704 E AdrenoUtils: <validate_memory_layout_input_parmas:1970>: Unknown Format 0
04-03 09:06:08.548  1651  1704 E AdrenoUtils: <adreno_init_memory_layout:4720>: Memory Layout input parameter validation failed!
04-03 09:06:08.548  1651  1704 W qdgralloc: GetGpuResourceSizeAndDimensions Graphics metadata init failed
04-03 09:06:08.548 10159 10189 E GraphicBufferAllocator: Failed to allocate (4 x 4) layerCount 1 format 56 usage b00: 7
04-03 09:06:08.548 10159 10189 E AHardwareBuffer: GraphicBuffer(w=4, h=4, lc=1) failed (Unknown error -7), handle=0x0
04-03 09:06:08.548 10159 10189 E qdgralloc: GetGpuPixelFormat: No map for format: 0x3b
04-03 09:06:08.548 10159 10189 E AdrenoUtils: <validate_memory_layout_input_parmas:1970>: Unknown Format 0
04-03 09:06:08.548 10159 10189 E AdrenoUtils: <adreno_init_memory_layout:4720>: Memory Layout input parameter validation failed!
04-03 09:06:08.548 10159 10189 W qdgralloc: GetGpuResourceSizeAndDimensions Graphics metadata init failed
04-03 09:06:08.548 10159 10189 E Gralloc4: isSupported(1, 1, 59, 1, ...) failed with 7
04-03 09:06:08.549  1651  2051 E qdgralloc: GetGpuPixelFormat: No map for format: 0x3b
04-03 09:06:08.549  1651  2051 E AdrenoUtils: <validate_memory_layout_input_parmas:1970>: Unknown Format 0
04-03 09:06:08.549  1651  2051 E AdrenoUtils: <adreno_init_memory_layout:4720>: Memory Layout input parameter validation failed!
04-03 09:06:08.549  1651  2051 W qdgralloc: GetGpuResourceSizeAndDimensions Graphics metadata init failed
04-03 09:06:08.549 10159 10189 E GraphicBufferAllocator: Failed to allocate (4 x 4) layerCount 1 format 59 usage b00: 7
04-03 09:06:08.549 10159 10189 E AHardwareBuffer: GraphicBuffer(w=4, h=4, lc=1) failed (Unknown error -7), handle=0x0
04-03 09:06:08.549 10159 10189 I Swapchain: [INFO] Selected surface format: 37
04-03 09:06:08.549 10159 10189 I Swapchain: [INFO] Available present modes: MAILBOX FIFO 
04-03 09:06:08.549 10159 10189 I Swapchain_Direct: Available present modes: MAILBOX FIFO 
04-03 09:06:08.549 10159 10189 I Swapchain: [INFO] Selected MAILBOX present mode (triple buffering)
