04-03 09:06:08.549 10159 10189 I Swapchain_Direct: Selected MAILBOX present mode (triple buffering)
04-03 09:06:08.551  8906  8916 I artd    : GetBestInfo: vdex next to the dex file (/data/app/~~MQlQQKdDkeNOaZ0HN2nf_Q==/com.opera.gx-G_riEoeCxwDxpYas2uf9Dg==/oat/arm64/base.vdex) is kOatUpToDate with filter 'verify' executable 'false'
04-03 09:06:08.555  3859  9030 I TFLite-in-PlayServices: Created interpreter.
04-03 09:06:08.567 10159 10189 I VulkanRenderer: [INFO] Ô£ô Swapchain created successfully
04-03 09:06:08.567 10159 10189 I VulkanRenderer: [INFO] Ô£ô Render Pass created
04-03 09:06:08.571 10159 10189 I VulkanRenderer: [INFO] Ô£ô Framebuffers created
04-03 09:06:08.571 10159 10189 I VulkanRenderer: [INFO] Ô£ô Sync objects created
04-03 09:06:08.571 10159 10189 I VulkanRenderer: [INFO] Ô£ô Command buffers initialized
04-03 09:06:08.571 10159 10189 I VulkanRenderer: [INFO] === Create2DPipeline START ===
04-03 09:06:08.573 17479 17479 I EnginePrimary: [stagram.android] Send state due to dispatch with seq [13].
04-03 09:06:08.573 17479 17479 W EnginePrimary: [stagram.android] Send state size=167, crc=76c44c72 seq [13]
04-03 09:06:08.574  5334  5334 I Module  : DeviceLockedStatusModuleProvider$Module.updateDeviceLockedStatus():103 repeatCheckTimes = 0, locked = false
04-03 09:06:08.581  5334  5334 I GoogleInputMethodService: GoogleInputMethodService.onStartInput():1434 onStartInput(EditorInfo{EditorInfo{packageName=com.secretengine.game, inputType=0, inputTypeString=NULL, enableLearning=false, autoCorrection=false, autoComplete=false, imeOptions=0, privateImeOptions=null, actionName=UNSPECIFIED, actionLabel=null, initialSelStart=-1, initialSelEnd=-1, initialCapsMode=0, label=null, fieldId=0, fieldName=null, extras=null, hintText=null, hintLocales=[]}}, false)
04-03 09:06:08.582  5334  5334 I AndroidIME: LatinIMEBase.updateInputViewCoverNavigation():312 Update input view padding, isNavbarOverInputWindow=false, bottom inset=71
04-03 09:06:08.582 17479 17479 D EnginePrimary: [stagram.android] stopDeviceDiscovery
04-03 09:06:08.582 17479 17479 I EngineRecorder: [stagram.android] __STREAM__{{REDUX_CALL_SERVICE_IGDIRECT(REF=0,ACTION_TYPE=DeviceActions.UpdatePeripheralState,ACTION=CiNEZXZpY2VBY3Rpb25zLlVwZGF0ZVBlcmlwaGVyYWxTdGF0ZRIJCgMxMDIaAggC,STATE=Cg4KCkF1ZGlvU3RhdGUSAAoRCg1DYWxsQ29yZVN0YXRlEgAKDwoLQ2FtZXJhU3RhdGUSAAoUChBDb2RlY0F2YXRhclN0YXRlEgAKPQoLRGV2aWNlU3RhdGUSLgosCgMxMDIQARoLbW90byBnMzQgNUcgAyittUM6DAgCEAIYAkoCGAJQAUADUAEKDgoKVmlkZW9TdGF0ZRIAEgwI3fmci9UzEL/tswE=)}}
04-03 09:06:08.585  5334  5334 I Module  : DeviceLockedStatusModuleProvider$Module.updateDeviceLockedStatus():103 repeatCheckTimes = 1, locked = false
04-03 09:06:08.586  3859  9030 I SemanticLocation: (REDACTED) [Inferrer] %s%s
04-03 09:06:08.593 17479 17479 I Engine.Core: [stagram.android] onStateUpdate
04-03 09:06:08.604  3859 10196 I NetworkScheduler.Stats: (REDACTED) Task %s/%s started execution. cause:%s exec_start_elapsed_seconds: %s
04-03 09:06:08.606  5334  5334 W NotificationCenter: NotificationCenter$NotificationQueue.notifyPendingNotificationsOnExecutor():877 Heavy notify work detected on UI thread: [nhm->gtb, nhm->kxt, nhm->kxt, nhm->nge, nhm->kxt, nhm->oyt, nhm->gqd, nhm->kxt, nhm->lak, nhm->kxt, nhm->ilb, nhm->ngn, nhm->kxt, nhm->mgr, nhm->kxt, nhm->kxt, nhm->kxt, nhm->kxt, nhm->mrv, nhm->pnx, nhm->hst, nhm->kxt, nhm->kxt, nhm->kxt] takes 23ms
04-03 09:06:08.607  3859 10196 I NetworkScheduler.Stats: (REDACTED) Task %s/%s started execution. cause:%s exec_start_elapsed_seconds: %s
04-03 09:06:08.608  8906  8914 I artd    : GetBestInfo: odex next to the dex file (/data/app/~~EWuvGZXg0o-FO5vQjdYY8Q==/pdf.pdfreader.viewer.editor.free-RKsHUxvf0hvZ6bnYAoDbdg==/oat/arm64/base.odex) is kOatBootImageOutOfDate with filter 'speed-profile' executable 'false': Image checksum mismatch, expected i;19/52feb486:i;30/ca6601bf to start with i;19/17c76533
04-03 09:06:08.610  2135  5769 W PackageConfigPersister: App-specific configuration not found for packageName: com.secretengine.game and userId: 0
04-03 09:06:08.611  8906  8914 I artd    : GetBestInfo: vdex next to the dex file (/data/app/~~EWuvGZXg0o-FO5vQjdYY8Q==/pdf.pdfreader.viewer.editor.free-RKsHUxvf0hvZ6bnYAoDbdg==/oat/arm64/base.vdex) is kOatUpToDate with filter 'verify' executable 'false'
04-03 09:06:08.616  8906  8914 I artd    : GetBestInfo: vdex next to the dex file (/data/user/0/pdf.pdfreader.viewer.editor.free/app_pccache/5/9C2BDF6C31122BA43D110BBDCFF136C1C2C1E6F7/oat/arm64/pcam.vdex) is kOatUpToDate with filter 'verify' executable 'false'
04-03 09:06:08.621  8906  8914 I artd    : GetBestInfo: vdex next to the dex file (/data/user/0/pdf.pdfreader.viewer.editor.free/app_pccache/5/C032827D49137A4DE859DC0AEDE2EAF97B8599B0/oat/arm64/pcam.vdex) is kOatUpToDate with filter 'verify' executable 'false'
04-03 09:06:08.634  2135  2135 V UiModeManager: updateLocked: null action, mDockState=0, category=null
04-03 09:06:08.635  2135  2135 D UiModeManager: updateConfigurationLocked: mDockState=0; mCarMode=false; mNightMode=com.android.server.UiModeManagerService$1@c8d871f; mNightModeCustomType=-1; uiMode=33
04-03 09:06:08.636  3377  5106 D PowerUI : can't show warning due to - plugged: true status unknown: false
04-03 09:06:08.636  8205  8272 I PlayGamesServices[GamesSyncAdapter]: Starting sync for d88b89a7
04-03 09:06:08.637  8205  8272 I PlayGamesServices[GamesSyncAdapter]: Sync for NON-EXISTENT ACCOUNT
04-03 09:06:08.637  8205  8272 I PlayGamesServices[GamesSyncAdapter]: Sync duration for d88b89a7: 1
04-03 09:06:08.648   841   841 I lowmemorykiller: Kill 'com.android.vending:background' (9635), uid 10215, oom_score_adj 920 to free 75772kB rss, 81564kB swap; reason: kswapd is busy and watermark low
04-03 09:06:08.654  2135  5769 I MediaFocusControl: abandonAudioFocus() from uid/pid 10597/17479 clientId=android.media.AudioManager@9e1b72bX.5HD@44f4908
04-03 09:06:08.654  2135  5769 I MediaFocusControl: removeFocusStackEntry client:android.media.AudioManager@9e1b72bX.5HD@44f4908
04-03 09:06:08.656 17479  9409 I MediaCodec: (0xb4000074ddb56000) flush
04-03 09:06:08.662 17479  9415 D CCodecBuffers: [c2.android.aac.decoder#49:1D-Output.Impl[N]] Client returned a buffer it does not own according to our record: 0
04-03 09:06:08.662 17479  9415 D CCodecBuffers: [c2.android.aac.decoder#49:1D-Output.Impl[N]] Client returned a buffer it does not own according to our record: 1
04-03 09:06:08.662 17479  9415 D CCodecBuffers: [c2.android.aac.decoder#49:1D-Output.Impl[N]] Client returned a buffer it does not own according to our record: 2
04-03 09:06:08.667 17479  9415 I CCodecConfig: query failed after returning 21 values (BAD_INDEX)
04-03 09:06:08.668 17479  9415 W Codec2Client: query -- param skipped: index = 1342179345.
04-03 09:06:08.668 17479  9415 W Codec2Client: query -- param skipped: index = 2415921170.
04-03 09:06:08.668 17479  9415 W Codec2Client: query -- param skipped: index = 1610614798.
04-03 09:06:08.671 17479  9415 D CCodecBufferChannel: [c2.android.aac.decoder#49] start: updating output delay 2
04-03 09:06:08.674 17479  9409 I MediaCodec: (0xb4000074ddb56000) stop
04-03 09:06:08.675 17479  9415 D CCodecBufferChannel: [c2.android.aac.decoder#49] MediaCodec discarded an unknown buffer
04-03 09:06:08.675 17479  9415 D CCodecBufferChannel: [c2.android.aac.decoder#49] MediaCodec discarded an unknown buffer
04-03 09:06:08.675 17479  9415 D CCodecBufferChannel: [c2.android.aac.decoder#49] MediaCodec discarded an unknown buffer
04-03 09:06:08.675 17479  9415 D CCodecBufferChannel: [c2.android.aac.decoder#49] MediaCodec discarded an unknown buffer
04-03 09:06:08.676  1692  2034 D APM_AudioPolicyManager: releaseOutput() 21
04-03 09:06:08.682  1692  2923 D audioserver: logFgsApiEnd: FGS Logger Transaction failed, -129
04-03 09:06:08.690 17479  9409 I MediaCodec: (0xb4000074ddb56000) releaseAsync
04-03 09:06:08.698 17479 10205 I hw-BpHwBinder: onLastStrongRef automatically unlinking death recipients
04-03 09:06:08.698  2043 28763 I hw-BpHwBinder: onLastStrongRef automatically unlinking death recipients
04-03 09:06:08.698  2043 28763 I hw-BpHwBinder: onLastStrongRef automatically unlinking death recipients
04-03 09:06:08.699 17479  9408 W MessageQueue: Handler (android.os.Handler) {283466f} sending message to a Handler on a dead thread
04-03 09:06:08.699 17479  9408 W MessageQueue: java.lang.IllegalStateException: Handler (android.os.Handler) {283466f} sending message to a Handler on a dead thread
04-03 09:06:08.699 17479  9408 W MessageQueue: 	at android.os.MessageQueue.enqueueMessage(MessageQueue.java:607)
04-03 09:06:08.699 17479  9408 W MessageQueue: 	at android.os.Handler.enqueueMessage(Handler.java:805)
04-03 09:06:08.699 17479  9408 W MessageQueue: 	at android.os.Handler.sendMessageAtTime(Handler.java:747)
04-03 09:06:08.699 17479  9408 W MessageQueue: 	at android.os.Handler.sendMessageDelayed(Handler.java:717)
04-03 09:06:08.699 17479  9408 W MessageQueue: 	at android.os.Handler.sendMessage(Handler.java:655)
04-03 09:06:08.699 17479  9408 W MessageQueue: 	at android.os.Message.sendToTarget(Message.java:487)
04-03 09:06:08.699 17479  9408 W MessageQueue: 	at X.7jB.A01(Unknown Source:4)
04-03 09:06:08.699 17479  9408 W MessageQueue: 	at X.7iO.GIU(Unknown Source:9)
04-03 09:06:08.699 17479  9408 W MessageQueue: 	at X.7hU.GIU(Unknown Source:11)
04-03 09:06:08.699 17479  9408 W MessageQueue: 	at X.7bv.A09(Unknown Source:144)
04-03 09:06:08.699 17479  9408 W MessageQueue: 	at X.7bv.handleMessage(Unknown Source:1167)
04-03 09:06:08.699 17479  9408 W MessageQueue: 	at android.os.Handler.dispatchMessage(Handler.java:108)
04-03 09:06:08.699 17479  9408 W MessageQueue: 	at android.os.Looper.loopOnce(Looper.java:268)
04-03 09:06:08.699 17479  9408 W MessageQueue: 	at android.os.Looper.loop(Looper.java:384)
04-03 09:06:08.699 17479  9408 W MessageQueue: 	at android.os.HandlerThread.run(HandlerThread.java:103)
04-03 09:06:08.699  2043 28763 D BufferPoolAccessor2.0: bufferpool2 0xb400007c624a8c28 : 0(0 size) total buffers - 0(0 size) used buffers - 0/0 (recycle/alloc) - 0/0 (fetch/transfer)
04-03 09:06:08.700  2043 28763 D BufferPoolAccessor2.0: Destruction - bufferpool2 0xb400007c624a8c28 cached: 0/0M, 0/0% in use; allocs: 0, 0% recycled; transfers: 0, 0% unfetched
04-03 09:06:08.702 17479  9408 W MessageQueue: Handler (android.os.Handler) {450c005} sending message to a Handler on a dead thread
04-03 09:06:08.702 17479  9408 W MessageQueue: java.lang.IllegalStateException: Handler (android.os.Handler) {450c005} sending message to a Handler on a dead thread
04-03 09:06:08.702 17479  9408 W MessageQueue: 	at android.os.MessageQueue.enqueueMessage(MessageQueue.java:607)
04-03 09:06:08.702 17479  9408 W MessageQueue: 	at android.os.Handler.enqueueMessage(Handler.java:805)
04-03 09:06:08.702 17479  9408 W MessageQueue: 	at android.os.Handler.sendMessageAtFrontOfQueue(Handler.java:770)
04-03 09:06:08.702 17479  9408 W MessageQueue: 	at X.7gY.FzV(Unknown Source:8)
04-03 09:06:08.702 17479  9408 W MessageQueue: 	at X.7gX.A01(Unknown Source:29)
04-03 09:06:08.702 17479  9408 W MessageQueue: 	at X.7hU.GIU(Unknown Source:29)
04-03 09:06:08.702 17479  9408 W MessageQueue: 	at X.7bv.A09(Unknown Source:144)
04-03 09:06:08.702 17479  9408 W MessageQueue: 	at X.7bv.handleMessage(Unknown Source:1167)
04-03 09:06:08.702 17479  9408 W MessageQueue: 	at android.os.Handler.dispatchMessage(Handler.java:108)
04-03 09:06:08.702 17479  9408 W MessageQueue: 	at android.os.Looper.loopOnce(Looper.java:268)
04-03 09:06:08.702 17479  9408 W MessageQueue: 	at android.os.Looper.loop(Looper.java:384)
04-03 09:06:08.702 17479  9408 W MessageQueue: 	at android.os.HandlerThread.run(HandlerThread.java:103)
04-03 09:06:08.710  1509  1509 I Zygote  : Process 9635 exited due to signal 9 (Killed)
04-03 09:06:08.707  2135  3642 I ActivityManager: appDiedLocked: app=ProcessRecord{fc9025f 9635:com.android.vending:background/u0a215} thread=android.os.BinderProxy@dc38586 fromBinderDied=true isKilledByAm=false reason=null
04-03 09:06:08.711  2135  3642 I ActivityManager: Process com.android.vending:background (pid 9635) has died: cch+20 CEM 
04-03 09:06:08.713  2135  3189 D ConnectivityService: releasing NetworkRequest [ REQUEST id=2112, [ Capabilities: INTERNET&NOT_RESTRICTED&TRUSTED&NOT_VCN_MANAGED&NOT_BANDWIDTH_CONSTRAINED Uid: 10215 RequestorUid: 10215 RequestorPkg: com.android.vending UnderlyingNetworks: Null] ] (release request)
04-03 09:06:08.713  2135  3189 D ConnectivityService: releasing NetworkRequest [ REQUEST id=2118, [ Capabilities: INTERNET&NOT_RESTRICTED&TRUSTED&NOT_VCN_MANAGED&NOT_BANDWIDTH_CONSTRAINED Uid: 10215 RequestorUid: 10215 RequestorPkg: com.android.vending UnderlyingNetworks: Null] ] (release request)
04-03 09:06:08.716  2135  9132 W PackageManager: Missing required system package: com.eci.citizen, but found with extended search.
04-03 09:06:08.716  2135  2925 D BatteryService: uevent={POWER_SUPPLY_VOLTAGE_NOW=3750460, POWER_SUPPLY_CHARGE_CONTROL_LIMIT_MAX=9, POWER_SUPPLY_TYPE=Battery, POWER_SUPPLY_HEALTH=Good, POWER_SUPPLY_TECHNOLOGY=Li-ion, POWER_SUPPLY_CHARGE_FULL_DESIGN=5096000, SEQNUM=10092, POWER_SUPPLY_CHARGE_CONTROL_LIMIT=5, POWER_SUPPLY_STATUS=Charging, POWER_SUPPLY_CURRENT_MAX=1500000, POWER_SUPPLY_CYCLE_COUNT=0, POWER_SUPPLY_CHARGE_TERM_CURRENT=-100, POWER_SUPPLY_CAPACITY=40, DEVPATH=/devices/platform/soc/1c40000.qcom,spmi/spmi-0/spmi0-02/1c40000.qcom,spmi:qcom,pm7250b@2:qcom,qpnp-smb5-mmi/power_supply/battery, POWER_SUPPLY_CHARGE_TYPE=Fast, POWER_SUPPLY_CHARGE_RATE=Normal, POWER_SUPPLY_INPUT_CURRENT_LIMIT=0, POWER_SUPPLY_CURRENT_NOW=-573730, POWER_SUPPLY_PRESENT=1, POWER_SUPPLY_CHARGE_FULL=5096000, POWER_SUPPLY_TIME_TO_FULL_NOW=108163, POWER_SUPPLY_CONSTANT_CHARGE_CURRENT=1500000, SUBSYSTEM=power_supply, POWER_SUPPLY_TEMP=342, ACTION=change, POWER_SUPPLY_NAME=battery, POWER_SUPPLY_VOLTAGE_MAX=4520000, POWER_SUPPLY_CONSTANT_CHARGE_CURRENT_MAX=4000000, POWER_SUPPLY_CHARGE_COUNTER=2393081}
04-03 09:06:08.717  2135  2925 D BatteryService: uevent={POWER_SUPPLY_VOLTAGE_NOW=3750460, POWER_SUPPLY_CHARGE_CONTROL_LIMIT_MAX=9, POWER_SUPPLY_TYPE=Battery, POWER_SUPPLY_HEALTH=Good, POWER_SUPPLY_TECHNOLOGY=Li-ion, POWER_SUPPLY_CHARGE_FULL_DESIGN=5096000, SEQNUM=10092, POWER_SUPPLY_CHARGE_CONTROL_LIMIT=5, POWER_SUPPLY_STATUS=Charging, POWER_SUPPLY_CURRENT_MAX=1500000, POWER_SUPPLY_CYCLE_COUNT=0, POWER_SUPPLY_CHARGE_TERM_CURRENT=-100, POWER_SUPPLY_CAPACITY=40, DEVPATH=/devices/platform/soc/1c40000.qcom,spmi/spmi-0/spmi0-02/1c40000.qcom,spmi:qcom,pm7250b@2:qcom,qpnp-smb5-mmi/power_supply/battery, POWER_SUPPLY_CHARGE_TYPE=Fast, POWER_SUPPLY_CHARGE_RATE=Normal, POWER_SUPPLY_INPUT_CURRENT_LIMIT=0, POWER_SUPPLY_CURRENT_NOW=-573730, POWER_SUPPLY_PRESENT=1, POWER_SUPPLY_CHARGE_FULL=5096000, POWER_SUPPLY_TIME_TO_FULL_NOW=108163, POWER_SUPPLY_CONSTANT_CHARGE_CURRENT=1500000, SUBSYSTEM=power_supply, POWER_SUPPLY_TEMP=342, ACTION=change, POWER_SUPPLY_NAME=battery, POWER_SUPPLY_VOLTAGE_MAX=4520000, POWER_SUPPLY_CONSTANT_CHARGE_CURRENT_MAX=4000000, POWER_SUPPLY_CHARGE_COUNTER=2393081}
04-03 09:06:08.717  2135  2925 D BatteryService: uevent={POWER_SUPPLY_VOLTAGE_NOW=3750460, POWER_SUPPLY_CHARGE_CONTROL_LIMIT_MAX=9, POWER_SUPPLY_TYPE=Battery, POWER_SUPPLY_HEALTH=Good, POWER_SUPPLY_TECHNOLOGY=Li-ion, POWER_SUPPLY_CHARGE_FULL_DESIGN=5096000, SEQNUM=10093, POWER_SUPPLY_CHARGE_CONTROL_LIMIT=5, POWER_SUPPLY_STATUS=Charging, POWER_SUPPLY_CURRENT_MAX=1500000, POWER_SUPPLY_CYCLE_COUNT=0, POWER_SUPPLY_CHARGE_TERM_CURRENT=-100, POWER_SUPPLY_CAPACITY=40, DEVPATH=/devices/platform/soc/1c40000.qcom,spmi/spmi-0/spmi0-02/1c40000.qcom,spmi:qcom,pm7250b@2:qcom,qpnp-smb5-mmi/power_supply/battery, POWER_SUPPLY_CHARGE_TYPE=Fast, POWER_SUPPLY_INPUT_CURRENT_LIMIT=0, POWER_SUPPLY_CURRENT_NOW=-573730, POWER_SUPPLY_PRESENT=1, POWER_SUPPLY_CHARGE_FULL=5096000, POWER_SUPPLY_TIME_TO_FULL_NOW=108163, POWER_SUPPLY_CONSTANT_CHARGE_CURRENT=1500000, SUBSYSTEM=power_supply, POWER_SUPPLY_TEMP=342, ACTION=change, POWER_SUPPLY_NAME=battery, POWER_SUPPLY_VOLTAGE_MAX=4520000, POWER_SUPPLY_CONSTANT_CHARGE_CURRENT_MAX=4000000, POWER_SUPPLY_CHARGE_COUNTER=2393081}
04-03 09:06:08.717  2135  2925 D BatteryService: uevent={POWER_SUPPLY_VOLTAGE_NOW=3750460, POWER_SUPPLY_CHARGE_CONTROL_LIMIT_MAX=9, POWER_SUPPLY_TYPE=Battery, POWER_SUPPLY_HEALTH=Good, POWER_SUPPLY_TECHNOLOGY=Li-ion, POWER_SUPPLY_CHARGE_FULL_DESIGN=5096000, SEQNUM=10093, POWER_SUPPLY_CHARGE_CONTROL_LIMIT=5, POWER_SUPPLY_STATUS=Charging, POWER_SUPPLY_CURRENT_MAX=1500000, POWER_SUPPLY_CYCLE_COUNT=0, POWER_SUPPLY_CHARGE_TERM_CURRENT=-100, POWER_SUPPLY_CAPACITY=40, DEVPATH=/devices/platform/soc/1c40000.qcom,spmi/spmi-0/spmi0-02/1c40000.qcom,spmi:qcom,pm7250b@2:qcom,qpnp-smb5-mmi/power_supply/battery, POWER_SUPPLY_CHARGE_TYPE=Fast, POWER_SUPPLY_INPUT_CURRENT_LIMIT=0, POWER_SUPPLY_CURRENT_NOW=-573730, POWER_SUPPLY_PRESENT=1, POWER_SUPPLY_CHARGE_FULL=5096000, POWER_SUPPLY_TIME_TO_FULL_NOW=108163, POWER_SUPPLY_CONSTANT_CHARGE_CURRENT=1500000, SUBSYSTEM=power_supply, POWER_SUPPLY_TEMP=342, ACTION=change, POWER_SUPPLY_NAME=battery, POWER_SUPPLY_VOLTAGE_MAX=4520000, POWER_SUPPLY_CONSTANT_CHARGE_CURRENT_MAX=4000000, POWER_SUPPLY_CHARGE_COUNTER=2393081}
04-03 09:06:08.717  2135  2507 I libprocessgroup: Removed cgroup /sys/fs/cgroup/uid_10215/pid_9635
04-03 09:06:08.718  2135  2507 W libprocessgroup: RemoveCgroup: /dev/memcg/apps/uid_10215/pid_9635 does not exist.
04-03 09:06:08.719  2135  3642 D RestartModeController: markWaitRestartAppIsSuicided null processName=com.android.vending:background
04-03 09:06:08.721 17479 17479 D Surface : Surface::disconnect
04-03 09:06:08.721 17479 17479 D BufferQueueProducer: [SurfaceTexture-0-17479-66](id:444700000048,api:2,p:17479,c:17479) disconnect: api 2
04-03 09:06:08.723  2135  3642 D ActivityTaskManager: handleAppDied: uid=10215,diedCount=1,lastDiedTime=2830501,forceStopUids=false
04-03 09:06:08.733  8906  8916 I artd    : GetBestInfo: odex next to the dex file (/data/app/~~c9F8oc7Uyiu8z6oejQZfYA==/com.motorola.gamemode-RcJlHey1BfSdU_fiYJ_qKw==/oat/arm64/base.odex) is kOatBootImageOutOfDate with filter 'speed-profile' executable 'false': Image checksum mismatch, expected i;19/52feb486:i;30/ca6601bf to start with i;19/17c76533
04-03 09:06:08.733  3377  5105 D PowerUI : can't show warning due to - plugged: true status unknown: false
04-03 09:06:08.733  3859  9866 I NetworkScheduler.Stats: (REDACTED) Task %s/%s started execution. cause:%s exec_start_elapsed_seconds: %s
04-03 09:06:08.737  8906  8916 I artd    : GetBestInfo: vdex next to the dex file (/data/app/~~c9F8oc7Uyiu8z6oejQZfYA==/com.motorola.gamemode-RcJlHey1BfSdU_fiYJ_qKw==/oat/arm64/base.vdex) is kOatUpToDate with filter 'verify' executable 'false'
04-03 09:06:08.741  3377  5015 D PowerUI : can't show warning due to - plugged: true status unknown: false
04-03 09:06:08.748  8205  8231 I PlayGamesServices[GamesSyncAdapter]: Starting sync for bba3c2a5
04-03 09:06:08.750  8205  8231 I PlayGamesServices[GamesSyncAdapter]: Sync for NON-EXISTENT ACCOUNT
04-03 09:06:08.751 10159 10189 I VulkanRenderer: [INFO] === Create2DPipeline SUCCESS ===
04-03 09:06:08.752 10159 10189 I VulkanRenderer: [INFO] Ô£ô 2D text rendering pipeline enabled
04-03 09:06:08.752 10159 10189 I VulkanRenderer: [INFO] Initializing Mega Geometry System...
04-03 09:06:08.753  3377  5107 D PowerUI : can't show warning due to - plugged: true status unknown: false
04-03 09:06:08.759  8205  8231 I PlayGamesServices[GamesSyncAdapter]: Sync duration for bba3c2a5: 2
04-03 09:06:08.764 10159 10189 I TextureManager: [INFO] Ô£ô Texture system initialized with ASTC support
04-03 09:06:08.764 10159 10189 I VulkanRenderer: [INFO] Ô£ô TextureManager initialized
04-03 09:06:08.765  2135  3189 D InetDiagMessage: Destroyed 0 sockets, proto=IPPROTO_TCP, family=AF_INET, states=14
04-03 09:06:08.766  2135  2135 V UiModeManager: updateLocked: null action, mDockState=0, category=null
04-03 09:06:08.767  2135  2135 D UiModeManager: updateConfigurationLocked: mDockState=0; mCarMode=false; mNightMode=com.android.server.UiModeManagerService$1@c8d871f; mNightModeCustomType=-1; uiMode=33
04-03 09:06:08.768  2135  3189 D InetDiagMessage: Destroyed 0 sockets, proto=IPPROTO_TCP, family=AF_INET6, states=14
04-03 09:06:08.768  2135  3189 D InetDiagMessage: Destroyed live tcp sockets for uids={10214} in 6ms
04-03 09:06:08.769  2135  2135 V UiModeManager: updateLocked: null action, mDockState=0, category=null
04-03 09:06:08.770  2135  2135 D UiModeManager: updateConfigurationLocked: mDockState=0; mCarMode=false; mNightMode=com.android.server.UiModeManagerService$1@c8d871f; mNightModeCustomType=-1; uiMode=33
04-03 09:06:08.770  2135  3189 D InetDiagMessage: Destroyed 0 sockets, proto=IPPROTO_TCP, family=AF_INET, states=14
04-03 09:06:08.771  3377  5104 D PowerUI : can't show warning due to - plugged: true status unknown: false
04-03 09:06:08.772  2135  3189 D InetDiagMessage: Destroyed 0 sockets, proto=IPPROTO_TCP, family=AF_INET6, states=14
04-03 09:06:08.772  2135  3189 D InetDiagMessage: Destroyed live tcp sockets for uids={20214} in 3ms
04-03 09:06:08.773  2135  2135 V UiModeManager: updateLocked: null action, mDockState=0, category=null
04-03 09:06:08.773  2135  2135 D UiModeManager: updateConfigurationLocked: mDockState=0; mCarMode=false; mNightMode=com.android.server.UiModeManagerService$1@c8d871f; mNightModeCustomType=-1; uiMode=33
04-03 09:06:08.785  8205  8272 W PlayGamesServices[DataBroker]: No player ID found when refreshing
04-03 09:06:08.787  3859  9853 I NetworkScheduler.Stats: (REDACTED) Task %s/%s finished executing. cause:%s result: %s elapsed_millis: %s uptime_millis: %s exec_start_elapsed_seconds: %s
04-03 09:06:08.791  8205  8272 W PlayGamesServices[DataBroker]: No player ID found when refreshing
04-03 09:06:08.794  8205  8272 W PlayGamesServices[DataBroker]: No player ID found when refreshing
04-03 09:06:08.796  8205  8272 W PlayGamesServices[DataBroker]: No player ID found when refreshing
04-03 09:06:08.799  8205  8272 W PlayGamesServices[DataBroker]: No player ID found when refreshing
04-03 09:06:08.804  8205  9979 W PlayGamesServices[UiUtils]: AppVersion: Cannot find the installed destination app.
04-03 09:06:08.805  8205  9979 W PlayGamesServices[UiUtils]: AppVersionName: Cannot find the installed destination app.
04-03 09:06:08.809  8205  8231 W PlayGamesServices[DataBroker]: No player ID found when refreshing
04-03 09:06:08.811  8205  8231 W PlayGamesServices[DataBroker]: No player ID found when refreshing
04-03 09:06:08.814  8205  8231 W PlayGamesServices[DataBroker]: No player ID found when refreshing
04-03 09:06:08.816  8205  8231 W PlayGamesServices[DataBroker]: No player ID found when refreshing
04-03 09:06:08.819  8205  8231 W PlayGamesServices[DataBroker]: No player ID found when refreshing
04-03 09:06:08.821 10159 10189 I MegaGeometryRenderer: [INFO] LoadMesh: Loaded meshes/Character.meshbin - 6188 vertices, 18150 indices
04-03 09:06:08.822  8205  9979 W PlayGamesServices[UiUtils]: AppVersion: Cannot find the installed destination app.
04-03 09:06:08.823  8205  9979 W PlayGamesServices[UiUtils]: AppVersionName: Cannot find the installed destination app.
04-03 09:06:08.826 10159 10189 I MegaGeometryRenderer: [INFO] LoadMesh: Mesh slot 0 initialized with indexCount=18150
04-03 09:06:08.827 10159 10189 I MegaGeometryRenderer: [INFO] Mesh loaded successfully, indexCount set
04-03 09:06:08.827 10159 10189 I VulkanRenderer: [INFO] Ô£ô Mega Geometry System initialized
04-03 09:06:08.828 10159 10189 I MegaGeometryRenderer: [INFO] LoadMesh: Loaded meshes/Character.meshbin - 6188 vertices, 18150 indices
04-03 09:06:08.833 10159 10189 I MegaGeometryRenderer: [INFO] LoadMesh: Mesh slot 0 initialized with indexCount=18150
04-03 09:06:08.834 10159 10189 I VulkanRenderer: [INFO] Ô£ô Character mesh loaded into MegaGeometry slot 0
04-03 09:06:08.834 10159 10189 I VulkanRenderer: [INFO] Ô£ô Mega Geometry Renderer initialized
04-03 09:06:08.834 10159 10189 I MeshRenderingSystem: [INFO] Initialized
04-03 09:06:08.834 10159 10189 I VulkanRenderer: [INFO] Ô£ô Mesh Rendering System initialized
04-03 09:06:08.834 10159 10189 I VulkanRenderer: [INFO] Querying plugin systems...
04-03 09:06:08.834 10159 10189 I VulkanRenderer: [INFO] Ô£ô Plugin buffers created (16KB lights + 256KB materials)
04-03 09:06:08.834 10159 10189 I VulkanRenderer: [INFO] Ô£ô Plugin GPU buffers created
04-03 09:06:08.834 10159 10189 I VulkanRenderer: [INFO] Ô£ô Mega Geometry System is the primary 3D renderer
04-03 09:06:08.834 10159 10189 I VulkanRenderer: [INFO] Ô£ô Scene loaded successfully: 1 entities
04-03 09:06:08.834 10159 10189 I VulkanRenderer: [INFO] Ô£ô GPU timestamp queries enabled
04-03 09:06:08.834 10159 10189 I VulkanRenderer: [INFO] ========================================
04-03 09:06:08.834 10159 10189 I VulkanRenderer: [INFO] Vulkan Renderer FULLY INITIALIZED
04-03 09:06:08.834 10159 10189 I VulkanRenderer: [INFO] Ready to render 3D + 2D!
04-03 09:06:08.834 10159 10189 I VulkanRenderer: [INFO] ========================================
04-03 09:06:08.834 10159 10189 I SecretEngine_Native: InitializeHardware completed
04-03 09:06:08.871 10159 10189 I TextureManager: [INFO] UpdateDescriptorSet: Waiting for both textures (currently have 1)
04-03 09:06:08.872 10159 10189 I TextureManager: [INFO] Ô£ô Loaded: textures/diffuse.jpeg [512x512]
04-03 09:06:08.878 10159 10189 I MeshRenderingSystem: [INFO] Added entity 2 to renderer as instance 0 at (0.0, -1.0, 0.0) color(0.30, 0.50, 0.30, 1.00)
04-03 09:06:08.878 10159 10189 I MeshRenderingSystem: [INFO] Added entity 3 to renderer as instance 1 at (15.0, 0.0, 10.0) color(0.80, 0.20, 0.20, 1.00)
04-03 09:06:08.878 10159 10189 I MeshRenderingSystem: [INFO] Added entity 4 to renderer as instance 2 at (-20.0, 0.0, 15.0) color(0.20, 0.80, 0.20, 1.00)
04-03 09:06:08.878 10159 10189 I MeshRenderingSystem: [INFO] Added entity 5 to renderer as instance 3 at (25.0, 0.0, -18.0) color(0.20, 0.20, 0.80, 1.00)
04-03 09:06:08.878 10159 10189 I MeshRenderingSystem: [INFO] Added entity 6 to renderer as instance 4 at (-15.0, 0.0, -25.0) color(0.80, 0.80, 0.20, 1.00)
04-03 09:06:08.878 10159 10189 I MeshRenderingSystem: [INFO] Added entity 7 to renderer as instance 5 at (0.0, 0.0, 30.0) color(0.80, 0.20, 0.80, 1.00)
04-03 09:06:08.878 10159 10189 I MeshRenderingSystem: [INFO] Added entity 8 to renderer as instance 6 at (35.0, 0.0, 5.0) color(0.20, 0.80, 0.80, 1.00)
04-03 09:06:08.878 10159 10189 I MeshRenderingSystem: [INFO] Added entity 9 to renderer as instance 7 at (40.0, 5.0, 0.0) color(1.00, 1.00, 0.00, 1.00)
04-03 09:06:08.878 10159 10189 I MeshRenderingSystem: [INFO] Added entity 10 to renderer as instance 8 at (15.3, 0.0, -52.2) color(0.25, 0.14, 0.10, 1.00)
04-03 09:06:08.878 10159 10189 I MeshRenderingSystem: [INFO] Added entity 11 to renderer as instance 9 at (26.5, 0.0, 5.0) color(0.42, 0.03, 0.22, 1.00)
04-03 09:06:08.878 10159 10189 I MeshRenderingSystem: [INFO] Added entity 12 to renderer as instance 10 at (0.6, 0.0, -52.1) color(0.72, 0.70, 0.42, 1.00)
04-03 09:06:08.878 10159 10189 I MeshRenderingSystem: [INFO] Added entity 13 to renderer as instance 11 at (-5.6, 0.0, -24.4) color(0.76, 0.16, 0.42, 1.00)
04-03 09:06:08.879 10159 10189 I MeshRenderingSystem: [INFO] Added entity 14 to renderer as instance 12 at (-24.4, 0.0, -31.3) color(0.10, 0.38, 0.36, 1.00)
04-03 09:06:08.879 10159 10189 I MeshRenderingSystem: [INFO] Added entity 15 to renderer as instance 13 at (-17.2, 0.0, -25.9) color(0.73, 0.54, 0.97, 1.00)
04-03 09:06:08.879 10159 10189 I MeshRenderingSystem: [INFO] Added entity 16 to renderer as instance 14 at (-13.4, 0.0, 5.7) color(0.62, 0.86, 0.58, 1.00)
04-03 09:06:08.879 10159 10189 I MeshRenderingSystem: [INFO] Added entity 17 to renderer as instance 15 at (22.5, 0.0, -50.0) color(0.77, 0.99, 0.86, 1.00)
04-03 09:06:08.879 10159 10189 I MeshRenderingSystem: [INFO] Added entity 18 to renderer as instance 16 at (40.3, 0.0, -13.2) color(0.64, 0.37, 0.37, 1.00)
04-03 09:06:08.879 10159 10189 I MeshRenderingSystem: [INFO] Added entity 19 to renderer as instance 17 at (-32.0, 0.0, -25.6) color(0.65, 0.61, 0.17, 1.00)
04-03 09:06:08.879 10159 10189 I MeshRenderingSystem: [INFO] Added entity 20 to renderer as instance 18 at (25.2, 0.0, -37.0) color(0.27, 0.93, 0.69, 1.00)
04-03 09:06:08.879 10159 10189 I MeshRenderingSystem: [INFO] Added entity 21 to renderer as instance 19 at (-30.8, 0.0, -19.3) color(0.23, 0.03, 0.31, 1.00)
04-03 09:06:08.879 10159 10189 I MeshRenderingSystem: [INFO] Added entity 22 to renderer as instance 20 at (-25.5, 0.0, -31.8) color(0.88, 0.31, 0.65, 1.00)
04-03 09:06:08.879 10159 10189 I MeshRenderingSystem: [INFO] Added entity 23 to renderer as instance 21 at (-11.5, 0.0, 45.6) color(0.14, 0.14, 0.75, 1.00)
04-03 09:06:08.879 10159 10189 I MeshRenderingSystem: [INFO] Added entity 24 to renderer as instance 22 at (4.3, 0.0, 27.2) color(0.90, 0.40, 0.22, 1.00)
04-03 09:06:08.879 10159 10189 I MeshRenderingSystem: [INFO] Added entity 25 to renderer as instance 23 at (54.7, 0.0, 1.0) color(0.76, 0.86, 0.15, 1.00)
04-03 09:06:08.879 10159 10189 I MeshRenderingSystem: [INFO] Added entity 26 to renderer as instance 24 at (-37.4, 0.0, 19.9) color(0.06, 0.38, 1.00, 1.00)
04-03 09:06:08.879 10159 10189 I MeshRenderingSystem: [INFO] Added entity 27 to renderer as instance 25 at (3.2, 0.0, 51.8) color(0.68, 0.12, 0.88, 1.00)
04-03 09:06:08.879 10159 10189 I MeshRenderingSystem: [INFO] Added entity 28 to renderer as instance 26 at (27.6, 0.0, 29.5) color(0.11, 0.44, 0.45, 1.00)
04-03 09:06:08.879 10159 10189 I MeshRenderingSystem: [INFO] Added entity 29 to renderer as instance 27 at (49.9, 0.0, 41.3) color(0.97, 0.76, 0.51, 1.00)
04-03 09:06:08.879 10159 10189 I MeshRenderingSystem: [INFO] Added entity 30 to renderer as instance 28 at (-43.3, 0.0, 13.8) color(0.51, 0.20, 0.37, 1.00)
04-03 09:06:08.879 10159 10189 I MeshRenderingSystem: [INFO] Added entity 31 to renderer as instance 29 at (-37.2, 0.0, 49.9) color(0.92, 0.60, 0.49, 1.00)
04-03 09:06:08.879 10159 10189 I MeshRenderingSystem: [INFO] Added entity 32 to renderer as instance 30 at (-42.7, 0.0, -15.1) color(0.24, 0.24, 0.57, 1.00)
04-03 09:06:08.879 10159 10189 I MeshRenderingSystem: [INFO] Added entity 33 to renderer as instance 31 at (-46.3, 0.0, 25.5) color(0.98, 0.53, 0.13, 1.00)
04-03 09:06:08.879 10159 10189 I MeshRenderingSystem: [INFO] Added entity 34 to renderer as instance 32 at (17.6, 0.0, 49.2) color(0.26, 0.87, 0.42, 1.00)
04-03 09:06:08.879 10159 10189 I MeshRenderingSystem: [INFO] Added entity 35 to renderer as instance 33 at (-31.7, 0.0, 4.3) color(0.20, 0.31, 1.00, 1.00)
04-03 09:06:08.879 10159 10189 I MeshRenderingSystem: [INFO] Added entity 36 to renderer as instance 34 at (16.5, 0.0, -6.8) color(0.45, 0.25, 0.06, 1.00)
04-03 09:06:08.879 10159 10189 I MeshRenderingSystem: [INFO] Added entity 37 to renderer as instance 35 at (-52.7, 0.0, 5.9) color(0.22, 0.07, 0.63, 1.00)
04-03 09:06:08.879 10159 10189 I MeshRenderingSystem: [INFO] Added entity 38 to renderer as instance 36 at (-29.8, 0.0, 44.6) color(0.07, 0.24, 0.67, 1.00)
04-03 09:06:08.879 10159 10189 I MeshRenderingSystem: [INFO] Added entity 39 to renderer as instance 37 at (-31.4, 0.0, -40.4) color(0.58, 0.24, 0.47, 1.00)
04-03 09:06:08.879 10159 10189 I MeshRenderingSystem: [INFO] Added entity 40 to renderer as instance 38 at (-10.2, 0.0, -44.6) color(0.43, 0.42, 0.47, 1.00)
04-03 09:06:08.879 10159 10189 I MeshRenderingSystem: [INFO] Added entity 41 to renderer as instance 39 at (25.2, 0.0, 19.1) color(0.10, 0.40, 0.34, 1.00)
04-03 09:06:08.879 10159 10189 I MeshRenderingSystem: [INFO] Added entity 42 to renderer as instance 40 at (39.8, 0.0, -27.6) color(0.54, 0.14, 0.18, 1.00)
04-03 09:06:08.879 10159 10189 I MeshRenderingSystem: [INFO] Added entity 43 to renderer as instance 41 at (-4.1, 0.0, 41.2) color(0.44, 0.86, 0.55, 1.00)
04-03 09:06:08.879 10159 10189 I MeshRenderingSystem: [INFO] Added entity 44 to renderer as instance 42 at (-49.4, 0.0, 54.9) color(0.97, 0.93, 0.85, 1.00)
04-03 09:06:08.879 10159 10189 I MeshRenderingSystem: [INFO] Added entity 45 to renderer as instance 43 at (-36.7, 0.0, -1.6) color(0.87, 0.90, 0.17, 1.00)
04-03 09:06:08.879 10159 10189 I MeshRenderingSystem: [INFO] Added entity 46 to renderer as instance 44 at (-54.8, 0.0, -12.1) color(0.28, 0.70, 0.73, 1.00)
04-03 09:06:08.879 10159 10189 I MeshRenderingSystem: [INFO] Added entity 47 to renderer as instance 45 at (31.2, 0.0, 17.8) color(0.16, 0.30, 0.97, 1.00)
04-03 09:06:08.879 10159 10189 I MeshRenderingSystem: [INFO] Added entity 48 to renderer as instance 46 at (8.7, 0.0, 4.6) color(0.06, 0.58, 0.50, 1.00)
04-03 09:06:08.879 10159 10189 I MeshRenderingSystem: [INFO] Added entity 49 to renderer as instance 47 at (38.8, 0.0, -37.7) color(0.08, 0.19, 0.60, 1.00)
04-03 09:06:08.879 10159 10189 I MeshRenderingSystem: [INFO] Added entity 50 to renderer as instance 48 at (19.3, 0.0, -29.1) color(0.94, 0.57, 0.58, 1.00)
04-03 09:06:08.879 10159 10189 I MeshRenderingSystem: [INFO] Added entity 51 to renderer as instance 49 at (-50.6, 0.0, -46.0) color(0.58, 0.52, 0.94, 1.00)
04-03 09:06:08.879 10159 10189 I MeshRenderingSystem: [INFO] Added entity 52 to renderer as instance 50 at (-32.5, 0.0, 23.8) color(0.27, 0.13, 0.65, 1.00)
04-03 09:06:08.879 10159 10189 I MeshRenderingSystem: [INFO] Added entity 53 to renderer as instance 51 at (-4.7, 0.0, 47.2) color(0.01, 0.62, 0.56, 1.00)
04-03 09:06:08.879 10159 10189 I MeshRenderingSystem: [INFO] Added entity 54 to renderer as instance 52 at (-44.0, 0.0, 4.1) color(0.26, 0.93, 0.88, 1.00)
04-03 09:06:08.879 10159 10189 I MeshRenderingSystem: [INFO] Added entity 55 to renderer as instance 53 at (41.7, 0.0, -14.4) color(0.44, 0.54, 0.30, 1.00)
04-03 09:06:08.879 10159 10189 I MeshRenderingSystem: [INFO] Added entity 56 to renderer as instance 54 at (53.2, 0.0, 33.8) color(0.01, 0.82, 0.30, 1.00)
04-03 09:06:08.879 10159 10189 I MeshRenderingSystem: [INFO] Added entity 57 to renderer as instance 55 at (18.0, 0.0, 48.3) color(0.26, 0.89, 0.74, 1.00)
04-03 09:06:08.879 10159 10189 I MeshRenderingSystem: [INFO] Added entity 58 to renderer as instance 56 at (-37.9, 0.0, -24.0) color(0.72, 0.20, 0.63, 1.00)
04-03 09:06:08.879 10159 10189 I MeshRenderingSystem: [INFO] Added entity 59 to renderer as instance 57 at (-26.0, 0.0, -1.3) color(0.09, 0.42, 0.28, 1.00)
04-03 09:06:08.879 10159 10189 I MeshRenderingSystem: [INFO] Added entity 60 to renderer as instance 58 at (-54.6, 0.0, 29.8) color(0.98, 0.16, 0.44, 1.00)
04-03 09:06:08.879 10159 10189 I MeshRenderingSystem: [INFO] Added entity 61 to renderer as instance 59 at (22.6, 0.0, 6.7) color(0.08, 0.88, 0.90, 1.00)
04-03 09:06:08.879 10159 10189 I MeshRenderingSystem: [INFO] Added entity 62 to renderer as instance 60 at (5.0, 0.0, 36.8) color(0.55, 0.43, 0.04, 1.00)
04-03 09:06:08.879 10159 10189 I MeshRenderingSystem: [INFO] Added entity 63 to renderer as instance 61 at (-14.9, 0.0, 47.6) color(0.90, 0.21, 0.25, 1.00)
04-03 09:06:08.879 10159 10189 I MeshRenderingSystem: [INFO] Added entity 64 to renderer as instance 62 at (-43.7, 0.0, 30.8) color(0.97, 0.75, 0.93, 1.00)
04-03 09:06:08.879 10159 10189 I MeshRenderingSystem: [INFO] Added entity 65 to renderer as instance 63 at (-29.0, 0.0, -37.1) color(0.88, 0.03, 0.74, 1.00)
04-03 09:06:08.879 10159 10189 I MeshRenderingSystem: [INFO] Added entity 66 to renderer as instance 64 at (-18.5, 0.0, 47.4) color(0.86, 0.81, 0.27, 1.00)
04-03 09:06:08.879 10159 10189 I MeshRenderingSystem: [INFO] Added entity 67 to renderer as instance 65 at (31.6, 0.0, -43.1) color(0.86, 0.22, 0.82, 1.00)
04-03 09:06:08.879 10159 10189 I MeshRenderingSystem: [INFO] Added entity 68 to renderer as instance 66 at (-4.4, 0.0, -21.4) color(0.22, 0.66, 0.40, 1.00)
04-03 09:06:08.879 10159 10189 I MeshRenderingSystem: [INFO] Added entity 69 to renderer as instance 67 at (-24.4, 0.0, -47.4) color(0.35, 0.51, 0.68, 1.00)
04-03 09:06:08.879 10159 10189 I MeshRenderingSystem: [INFO] Added entity 70 to renderer as instance 68 at (37.8, 0.0, -18.6) color(0.12, 0.97, 0.18, 1.00)
04-03 09:06:08.879 10159 10189 I MeshRenderingSystem: [INFO] Added entity 71 to renderer as instance 69 at (50.9, 0.0, -25.8) color(0.60, 0.35, 0.79, 1.00)
04-03 09:06:08.879 10159 10189 I MeshRenderingSystem: [INFO] Added entity 72 to renderer as instance 70 at (-7.0, 0.0, 53.3) color(0.38, 0.58, 0.25, 1.00)
04-03 09:06:08.879 10159 10189 I MeshRenderingSystem: [INFO] Added entity 73 to renderer as instance 71 at (23.0, 0.0, -54.8) color(0.69, 0.94, 0.74, 1.00)
04-03 09:06:08.879 10159 10189 I MeshRenderingSystem: [INFO] Added entity 74 to renderer as instance 72 at (-33.3, 0.0, -7.6) color(0.92, 0.62, 0.66, 1.00)
04-03 09:06:08.879 10159 10189 I MeshRenderingSystem: [INFO] Added entity 75 to renderer as instance 73 at (-41.3, 0.0, 44.0) color(0.31, 0.41, 0.40, 1.00)
04-03 09:06:08.879 10159 10189 I MeshRenderingSystem: [INFO] Added entity 76 to renderer as instance 74 at (-22.5, 0.0, -41.0) color(0.67, 0.38, 0.75, 1.00)
04-03 09:06:08.879 10159 10189 I MeshRenderingSystem: [INFO] Added entity 77 to renderer as instance 75 at (-35.9, 0.0, 7.6) color(0.55, 0.00, 0.29, 1.00)
04-03 09:06:08.879 10159 10189 I MeshRenderingSystem: [INFO] Added entity 78 to renderer as instance 76 at (-7.7, 0.0, 8.8) color(0.32, 0.44, 0.68, 1.00)
04-03 09:06:08.879 10159 10189 I MeshRenderingSystem: [INFO] Added entity 79 to renderer as instance 77 at (1.2, 0.0, 32.3) color(0.66, 0.28, 0.66, 1.00)
04-03 09:06:08.879 10159 10189 I MeshRenderingSystem: [INFO] Added entity 80 to renderer as instance 78 at (13.1, 0.0, -44.7) color(0.67, 0.22, 0.20, 1.00)
04-03 09:06:08.879 10159 10189 I MeshRenderingSystem: [INFO] Added entity 81 to renderer as instance 79 at (-52.3, 0.0, -28.1) color(0.61, 0.77, 0.46, 1.00)
04-03 09:06:08.879 10159 10189 I MeshRenderingSystem: [INFO] Added entity 82 to renderer as instance 80 at (42.5, 0.0, 8.3) color(0.38, 0.40, 0.15, 1.00)
04-03 09:06:08.879 10159 10189 I MeshRenderingSystem: [INFO] Added entity 83 to renderer as instance 81 at (20.6, 0.0, 43.2) color(0.78, 0.22, 0.80, 1.00)
04-03 09:06:08.879 10159 10189 I MeshRenderingSystem: [INFO] Added entity 84 to renderer as instance 82 at (21.6, 0.0, -3.9) color(0.25, 0.85, 0.46, 1.00)
04-03 09:06:08.879 10159 10189 I MeshRenderingSystem: [INFO] Added entity 85 to renderer as instance 83 at (33.2, 0.0, 18.4) color(0.60, 0.95, 0.89, 1.00)
04-03 09:06:08.879 10159 10189 I MeshRenderingSystem: [INFO] Added entity 86 to renderer as instance 84 at (12.4, 0.0, 24.1) color(0.43, 0.91, 0.45, 1.00)
04-03 09:06:08.879 10159 10189 I MeshRenderingSystem: [INFO] Added entity 87 to renderer as instance 85 at (-37.5, 0.0, 39.8) color(0.26, 0.25, 0.64, 1.00)
04-03 09:06:08.879 10159 10189 I MeshRenderingSystem: [INFO] Added entity 88 to renderer as instance 86 at (29.2, 0.0, 2.3) color(0.24, 0.44, 0.71, 1.00)
04-03 09:06:08.879 10159 10189 I MeshRenderingSystem: [INFO] Added entity 89 to renderer as instance 87 at (-29.2, 0.0, -18.1) color(0.08, 0.15, 0.38, 1.00)
04-03 09:06:08.879 10159 10189 I MeshRenderingSystem: [INFO] Added entity 90 to renderer as instance 88 at (-38.2, 0.0, -31.5) color(0.41, 0.54, 0.42, 1.00)
04-03 09:06:08.879 10159 10189 I MeshRenderingSystem: [INFO] Added entity 91 to renderer as instance 89 at (-32.2, 0.0, -8.8) color(0.95, 0.02, 0.88, 1.00)
04-03 09:06:08.879 10159 10189 I MeshRenderingSystem: [INFO] Added entity 92 to renderer as instance 90 at (8.3, 0.0, -2.5) color(0.30, 0.39, 0.89, 1.00)
04-03 09:06:08.879 10159 10189 I MeshRenderingSystem: [INFO] Added entity 93 to renderer as instance 91 at (36.9, 0.0, 4.2) color(0.80, 0.90, 0.49, 1.00)
04-03 09:06:08.879 10159 10189 I MeshRenderingSystem: [INFO] Added entity 94 to renderer as instance 92 at (-25.0, 0.0, -1.6) color(0.34, 0.68, 0.40, 1.00)
04-03 09:06:08.879 10159 10189 I MeshRenderingSystem: [INFO] Added entity 95 to renderer as instance 93 at (-36.8, 0.0, -3.6) color(0.98, 0.53, 0.91, 1.00)
04-03 09:06:08.879 10159 10189 I MeshRenderingSystem: [INFO] Added entity 96 to renderer as instance 94 at (10.1, 0.0, 17.9) color(0.64, 0.14, 0.46, 1.00)
04-03 09:06:08.880 10159 10189 I MeshRenderingSystem: [INFO] Added entity 97 to renderer as instance 95 at (-49.5, 0.0, -13.3) color(0.46, 0.34, 0.88, 1.00)
04-03 09:06:08.880 10159 10189 I MeshRenderingSystem: [INFO] Added entity 98 to renderer as instance 96 at (-24.4, 0.0, 49.6) color(0.25, 0.08, 0.02, 1.00)
04-03 09:06:08.880 10159 10189 I MeshRenderingSystem: [INFO] Added entity 99 to renderer as instance 97 at (4.3, 0.0, 55.0) color(0.22, 0.07, 0.96, 1.00)
04-03 09:06:08.880 10159 10189 I MeshRenderingSystem: [INFO] Added entity 100 to renderer as instance 98 at (-50.6, 0.0, -51.6) color(0.20, 0.02, 0.15, 1.00)
04-03 09:06:08.880 10159 10189 I MeshRenderingSystem: [INFO] Added entity 101 to renderer as instance 99 at (-41.1, 0.0, 18.6) color(0.95, 0.47, 0.26, 1.00)
04-03 09:06:08.880 10159 10189 I MeshRenderingSystem: [INFO] Added entity 102 to renderer as instance 100 at (-14.4, 0.0, 11.6) color(0.78, 0.16, 0.31, 1.00)
04-03 09:06:08.880 10159 10189 I MeshRenderingSystem: [INFO] Added entity 103 to renderer as instance 101 at (8.7, 0.0, 47.2) color(0.68, 0.96, 0.40, 1.00)
04-03 09:06:08.880 10159 10189 I MeshRenderingSystem: [INFO] Added entity 104 to renderer as instance 102 at (23.7, 0.0, -46.6) color(0.83, 0.24, 0.70, 1.00)
04-03 09:06:08.880 10159 10189 I MeshRenderingSystem: [INFO] Added entity 105 to renderer as instance 103 at (-21.8, 0.0, 20.3) color(0.80, 0.57, 0.04, 1.00)
04-03 09:06:08.880 10159 10189 I MeshRenderingSystem: [INFO] Added entity 106 to renderer as instance 104 at (3.6, 0.0, 17.8) color(0.51, 0.34, 0.85, 1.00)
04-03 09:06:08.880 10159 10189 I MeshRenderingSystem: [INFO] Added entity 107 to renderer as instance 105 at (35.5, 0.0, -43.4) color(0.64, 0.83, 0.71, 1.00)
04-03 09:06:08.880 10159 10189 I MeshRenderingSystem: [INFO] Added entity 108 to renderer as instance 106 at (-7.1, 0.0, 25.7) color(0.27, 0.81, 0.54, 1.00)
04-03 09:06:08.880 10159 10189 I MeshRenderingSystem: [INFO] Added entity 109 to renderer as instance 107 at (-1.8, 0.0, -7.1) color(0.27, 0.85, 0.83, 1.00)
04-03 09:06:08.880 10159 10189 I MeshRenderingSystem: [INFO] Added entity 110 to renderer as instance 108 at (-45.5, 0.0, 42.0) color(0.75, 0.57, 0.67, 1.00)
04-03 09:06:08.880 10159 10189 I MeshRenderingSystem: [INFO] Added entity 111 to renderer as instance 109 at (-18.0, 0.0, -0.6) color(0.18, 0.21, 0.80, 1.00)
04-03 09:06:08.880 10159 10189 I MeshRenderingSystem: [INFO] Added entity 112 to renderer as instance 110 at (-17.6, 0.0, 41.8) color(0.88, 0.56, 0.52, 1.00)
04-03 09:06:08.880 10159 10189 I MeshRenderingSystem: [INFO] Added entity 113 to renderer as instance 111 at (-34.0, 0.0, -28.5) color(0.49, 0.76, 0.69, 1.00)
04-03 09:06:08.880 10159 10189 I MeshRenderingSystem: [INFO] Added entity 114 to renderer as instance 112 at (16.0, 0.0, -1.0) color(0.09, 0.22, 0.69, 1.00)
04-03 09:06:08.880 10159 10189 I MeshRenderingSystem: [INFO] Added entity 115 to renderer as instance 113 at (-21.3, 0.0, 9.0) color(0.55, 0.34, 1.00, 1.00)
04-03 09:06:08.880 10159 10189 I MeshRenderingSystem: [INFO] Added entity 116 to renderer as instance 114 at (5.5, 0.0, -16.3) color(0.27, 0.25, 0.12, 1.00)
04-03 09:06:08.880 10159 10189 I MeshRenderingSystem: [INFO] Added entity 117 to renderer as instance 115 at (-33.8, 0.0, -41.8) color(0.95, 0.69, 0.19, 1.00)
04-03 09:06:08.880 10159 10189 I MeshRenderingSystem: [INFO] Added entity 118 to renderer as instance 116 at (26.2, 0.0, -24.6) color(0.98, 0.52, 0.28, 1.00)
04-03 09:06:08.880 10159 10189 I MeshRenderingSystem: [INFO] Added entity 119 to renderer as instance 117 at (-43.9, 0.0, -33.6) color(0.36, 0.30, 0.71, 1.00)
04-03 09:06:08.880 10159 10189 I MeshRenderingSystem: [INFO] Added entity 120 to renderer as instance 118 at (-41.1, 0.0, -50.0) color(0.55, 0.70, 0.13, 1.00)
04-03 09:06:08.880 10159 10189 I MeshRenderingSystem: [INFO] Added entity 121 to renderer as instance 119 at (40.5, 0.0, -1.0) color(0.57, 0.47, 0.44, 1.00)
04-03 09:06:08.880 10159 10189 I MeshRenderingSystem: [INFO] Added entity 122 to renderer as instance 120 at (-34.7, 0.0, -49.3) color(0.11, 0.06, 0.49, 1.00)
04-03 09:06:08.880 10159 10189 I MeshRenderingSystem: [INFO] Added entity 123 to renderer as instance 121 at (8.5, 0.0, 20.5) color(0.15, 0.56, 0.30, 1.00)
04-03 09:06:08.880 10159 10189 I MeshRenderingSystem: [INFO] Added entity 124 to renderer as instance 122 at (54.3, 0.0, -42.0) color(0.61, 0.79, 0.23, 1.00)
04-03 09:06:08.880 10159 10189 I MeshRenderingSystem: [INFO] Added entity 125 to renderer as instance 123 at (2.5, 0.0, -5.4) color(0.30, 0.59, 0.43, 1.00)
04-03 09:06:08.880 10159 10189 I MeshRenderingSystem: [INFO] Added entity 126 to renderer as instance 124 at (7.5, 0.0, -48.4) color(0.95, 0.21, 0.21, 1.00)
04-03 09:06:08.880 10159 10189 I MeshRenderingSystem: [INFO] Added entity 127 to renderer as instance 125 at (17.6, 0.0, -37.7) color(0.55, 0.16, 0.41, 1.00)
04-03 09:06:08.880 10159 10189 I MeshRenderingSystem: [INFO] Added entity 128 to renderer as instance 126 at (20.8, 0.0, -3.3) color(0.23, 0.71, 0.70, 1.00)
04-03 09:06:08.880 10159 10189 I MeshRenderingSystem: [INFO] Added entity 129 to renderer as instance 127 at (-5.1, 0.0, 20.6) color(0.79, 0.62, 0.66, 1.00)
04-03 09:06:08.880 10159 10189 I MeshRenderingSystem: [INFO] Added entity 130 to renderer as instance 128 at (47.7, 0.0, -8.2) color(0.22, 0.15, 0.27, 1.00)
04-03 09:06:08.880 10159 10189 I MeshRenderingSystem: [INFO] Added entity 131 to renderer as instance 129 at (-39.4, 0.0, -48.4) color(0.60, 0.82, 0.92, 1.00)
04-03 09:06:08.880 10159 10189 I MeshRenderingSystem: [INFO] Added entity 132 to renderer as instance 130 at (-6.7, 0.0, -3.4) color(0.70, 0.94, 0.50, 1.00)
04-03 09:06:08.880 10159 10189 I MeshRenderingSystem: [INFO] Added entity 133 to renderer as instance 131 at (-0.7, 0.0, -46.2) color(0.89, 0.74, 0.60, 1.00)
04-03 09:06:08.880 10159 10189 I MeshRenderingSystem: [INFO] Added entity 134 to renderer as instance 132 at (-52.2, 0.0, -29.8) color(0.84, 0.57, 0.95, 1.00)
04-03 09:06:08.880 10159 10189 I MeshRenderingSystem: [INFO] Added entity 135 to renderer as instance 133 at (55.0, 0.0, 19.0) color(0.58, 0.76, 0.17, 1.00)
04-03 09:06:08.880 10159 10189 I MeshRenderingSystem: [INFO] Added entity 136 to renderer as instance 134 at (2.1, 0.0, -6.4) color(0.18, 0.58, 0.63, 1.00)
04-03 09:06:08.880 10159 10189 I MeshRenderingSystem: [INFO] Added entity 137 to renderer as instance 135 at (-0.9, 0.0, -45.0) color(0.41, 0.32, 0.10, 1.00)
04-03 09:06:08.880 10159 10189 I MeshRenderingSystem: [INFO] Added entity 138 to renderer as instance 136 at (-37.3, 0.0, -9.7) color(0.29, 0.94, 0.81, 1.00)
04-03 09:06:08.880 10159 10189 I MeshRenderingSystem: [INFO] Added entity 139 to renderer as instance 137 at (5.5, 0.0, -5.0) color(0.25, 0.12, 0.77, 1.00)
04-03 09:06:08.880 10159 10189 I MeshRenderingSystem: [INFO] Added entity 140 to renderer as instance 138 at (40.1, 0.0, 35.7) color(0.66, 0.54, 0.41, 1.00)
04-03 09:06:08.880 10159 10189 I MeshRenderingSystem: [INFO] Added entity 141 to renderer as instance 139 at (-34.4, 0.0, -15.2) color(0.62, 0.76, 0.20, 1.00)
04-03 09:06:08.880 10159 10189 I MeshRenderingSystem: [INFO] Added entity 142 to renderer as instance 140 at (5.4, 0.0, 47.0) color(0.88, 0.49, 0.03, 1.00)
04-03 09:06:08.880 10159 10189 I MeshRenderingSystem: [INFO] Added entity 143 to renderer as instance 141 at (14.3, 0.0, 32.9) color(0.31, 0.01, 0.41, 1.00)
04-03 09:06:08.880 10159 10189 I MeshRenderingSystem: [INFO] Added entity 144 to renderer as instance 142 at (-30.3, 0.0, 37.6) color(0.46, 0.12, 0.83, 1.00)
04-03 09:06:08.880 10159 10189 I MeshRenderingSystem: [INFO] Added entity 145 to renderer as instance 143 at (-0.2, 0.0, 23.8) color(0.70, 0.41, 0.48, 1.00)
04-03 09:06:08.880 10159 10189 I MeshRenderingSystem: [INFO] Added entity 146 to renderer as instance 144 at (-3.1, 0.0, -4.8) color(0.38, 0.92, 0.51, 1.00)
04-03 09:06:08.880 10159 10189 I MeshRenderingSystem: [INFO] Added entity 147 to renderer as instance 145 at (41.7, 0.0, 40.0) color(0.77, 0.85, 0.34, 1.00)
04-03 09:06:08.880 10159 10189 I MeshRenderingSystem: [INFO] Added entity 148 to renderer as instance 146 at (31.6, 0.0, -25.6) color(0.28, 0.30, 0.59, 1.00)
04-03 09:06:08.880 10159 10189 I MeshRenderingSystem: [INFO] Added entity 149 to renderer as instance 147 at (54.9, 0.0, -1.1) color(0.45, 0.48, 0.33, 1.00)
04-03 09:06:08.880 10159 10189 I MeshRenderingSystem: [INFO] Added entity 150 to renderer as instance 148 at (28.9, 0.0, -13.5) color(0.87, 0.98, 0.24, 1.00)
04-03 09:06:08.880 10159 10189 I MeshRenderingSystem: [INFO] Added entity 151 to renderer as instance 149 at (-12.9, 0.0, 39.2) color(0.04, 0.75, 0.70, 1.00)
04-03 09:06:08.880 10159 10189 I MeshRenderingSystem: [INFO] Added entity 152 to renderer as instance 150 at (34.3, 0.0, -12.5) color(0.79, 0.65, 0.15, 1.00)
04-03 09:06:08.880 10159 10189 I MeshRenderingSystem: [INFO] Added entity 153 to renderer as instance 151 at (51.1, 0.0, -41.1) color(0.33, 0.10, 0.85, 1.00)
04-03 09:06:08.880 10159 10189 I MeshRenderingSystem: [INFO] Added entity 154 to renderer as instance 152 at (-44.0, 0.0, 45.1) color(0.72, 0.41, 0.65, 1.00)
04-03 09:06:08.880 10159 10189 I MeshRenderingSystem: [INFO] Added entity 155 to renderer as instance 153 at (-38.0, 0.0, -3.4) color(0.34, 0.69, 0.65, 1.00)
04-03 09:06:08.880 10159 10189 I MeshRenderingSystem: [INFO] Added entity 156 to renderer as instance 154 at (38.7, 0.0, 38.8) color(0.38, 0.32, 0.72, 1.00)
04-03 09:06:08.880 10159 10189 I MeshRenderingSystem: [INFO] Added entity 157 to renderer as instance 155 at (28.5, 0.0, 41.0) color(0.62, 0.23, 0.68, 1.00)
04-03 09:06:08.880 10159 10189 I MeshRenderingSystem: [INFO] Added entity 158 to renderer as instance 156 at (-23.4, 0.0, -30.0) color(0.43, 0.10, 0.63, 1.00)
04-03 09:06:08.880 10159 10189 I MeshRenderingSystem: [INFO] Added entity 159 to renderer as instance 157 at (41.0, 0.0, -6.2) color(0.30, 0.03, 0.32, 1.00)
